Archive member included to satisfy reference by file (symbol)

/home/giulio/INTECS/SystemWorkbench64/plugins/fr.ac6.mcu.externaltools.arm-none.linux64_1.13.1.201703061524/tools/compiler/bin/../lib/gcc/arm-none-eabi/5.4.1/armv7e-m/fpu/libgcc.a(_aeabi_uldivmod.o)
                              Drivers/STM32L4xx_HAL_Driver/Src/stm32l4xx_hal_uart.o (__aeabi_uldivmod)
/home/giulio/INTECS/SystemWorkbench64/plugins/fr.ac6.mcu.externaltools.arm-none.linux64_1.13.1.201703061524/tools/compiler/bin/../lib/gcc/arm-none-eabi/5.4.1/armv7e-m/fpu/libgcc.a(_udivmoddi4.o)
                              /home/giulio/INTECS/SystemWorkbench64/plugins/fr.ac6.mcu.externaltools.arm-none.linux64_1.13.1.201703061524/tools/compiler/bin/../lib/gcc/arm-none-eabi/5.4.1/armv7e-m/fpu/libgcc.a(_aeabi_uldivmod.o) (__udivmoddi4)
/home/giulio/INTECS/SystemWorkbench64/plugins/fr.ac6.mcu.externaltools.arm-none.linux64_1.13.1.201703061524/tools/compiler/bin/../lib/gcc/arm-none-eabi/5.4.1/armv7e-m/fpu/libgcc.a(_dvmd_tls.o)
                              /home/giulio/INTECS/SystemWorkbench64/plugins/fr.ac6.mcu.externaltools.arm-none.linux64_1.13.1.201703061524/tools/compiler/bin/../lib/gcc/arm-none-eabi/5.4.1/armv7e-m/fpu/libgcc.a(_aeabi_uldivmod.o) (__aeabi_ldiv0)
/home/giulio/INTECS/SystemWorkbench64/plugins/fr.ac6.mcu.externaltools.arm-none.linux64_1.13.1.201703061524/tools/compiler/bin/../lib/gcc/arm-none-eabi/5.4.1/../../../../arm-none-eabi/lib/armv7e-m/fpu/libc_nano.a(lib_a-errno.o)
                              Inc/syscalls.o (__errno)
/home/giulio/INTECS/SystemWorkbench64/plugins/fr.ac6.mcu.externaltools.arm-none.linux64_1.13.1.201703061524/tools/compiler/bin/../lib/gcc/arm-none-eabi/5.4.1/../../../../arm-none-eabi/lib/armv7e-m/fpu/libc_nano.a(lib_a-exit.o)
                              /home/giulio/INTECS/SystemWorkbench64/plugins/fr.ac6.mcu.externaltools.arm-none.linux64_1.13.1.201703061524/tools/compiler/bin/../lib/gcc/arm-none-eabi/5.4.1/../../../../arm-none-eabi/lib/armv7e-m/fpu/crt0.o (exit)
/home/giulio/INTECS/SystemWorkbench64/plugins/fr.ac6.mcu.externaltools.arm-none.linux64_1.13.1.201703061524/tools/compiler/bin/../lib/gcc/arm-none-eabi/5.4.1/../../../../arm-none-eabi/lib/armv7e-m/fpu/libc_nano.a(lib_a-impure.o)
                              /home/giulio/INTECS/SystemWorkbench64/plugins/fr.ac6.mcu.externaltools.arm-none.linux64_1.13.1.201703061524/tools/compiler/bin/../lib/gcc/arm-none-eabi/5.4.1/../../../../arm-none-eabi/lib/armv7e-m/fpu/libc_nano.a(lib_a-exit.o) (_global_impure_ptr)
/home/giulio/INTECS/SystemWorkbench64/plugins/fr.ac6.mcu.externaltools.arm-none.linux64_1.13.1.201703061524/tools/compiler/bin/../lib/gcc/arm-none-eabi/5.4.1/../../../../arm-none-eabi/lib/armv7e-m/fpu/libc_nano.a(lib_a-init.o)
                              /home/giulio/INTECS/SystemWorkbench64/plugins/fr.ac6.mcu.externaltools.arm-none.linux64_1.13.1.201703061524/tools/compiler/bin/../lib/gcc/arm-none-eabi/5.4.1/../../../../arm-none-eabi/lib/armv7e-m/fpu/crt0.o (__libc_init_array)
/home/giulio/INTECS/SystemWorkbench64/plugins/fr.ac6.mcu.externaltools.arm-none.linux64_1.13.1.201703061524/tools/compiler/bin/../lib/gcc/arm-none-eabi/5.4.1/../../../../arm-none-eabi/lib/armv7e-m/fpu/libc_nano.a(lib_a-locale.o)
                              Src/main.o (__locale_ctype_ptr)
/home/giulio/INTECS/SystemWorkbench64/plugins/fr.ac6.mcu.externaltools.arm-none.linux64_1.13.1.201703061524/tools/compiler/bin/../lib/gcc/arm-none-eabi/5.4.1/../../../../arm-none-eabi/lib/armv7e-m/fpu/libc_nano.a(lib_a-mbtowc_r.o)
                              /home/giulio/INTECS/SystemWorkbench64/plugins/fr.ac6.mcu.externaltools.arm-none.linux64_1.13.1.201703061524/tools/compiler/bin/../lib/gcc/arm-none-eabi/5.4.1/../../../../arm-none-eabi/lib/armv7e-m/fpu/libc_nano.a(lib_a-locale.o) (__ascii_mbtowc)
/home/giulio/INTECS/SystemWorkbench64/plugins/fr.ac6.mcu.externaltools.arm-none.linux64_1.13.1.201703061524/tools/compiler/bin/../lib/gcc/arm-none-eabi/5.4.1/../../../../arm-none-eabi/lib/armv7e-m/fpu/libc_nano.a(lib_a-memcpy-stub.o)
                              Src/gps/gps_handler.o (memcpy)
/home/giulio/INTECS/SystemWorkbench64/plugins/fr.ac6.mcu.externaltools.arm-none.linux64_1.13.1.201703061524/tools/compiler/bin/../lib/gcc/arm-none-eabi/5.4.1/../../../../arm-none-eabi/lib/armv7e-m/fpu/libc_nano.a(lib_a-memset.o)
                              /home/giulio/INTECS/SystemWorkbench64/plugins/fr.ac6.mcu.externaltools.arm-none.linux64_1.13.1.201703061524/tools/compiler/bin/../lib/gcc/arm-none-eabi/5.4.1/../../../../arm-none-eabi/lib/armv7e-m/fpu/crt0.o (memset)
/home/giulio/INTECS/SystemWorkbench64/plugins/fr.ac6.mcu.externaltools.arm-none.linux64_1.13.1.201703061524/tools/compiler/bin/../lib/gcc/arm-none-eabi/5.4.1/../../../../arm-none-eabi/lib/armv7e-m/fpu/libc_nano.a(lib_a-printf.o)
                              Src/main.o (printf)
[...]
Memory Configuration

Name             Origin             Length             Attributes
RAM              0x20000000         0x00018000         xrw
RAM2             0x10000000         0x00008000         xrw
FLASH            0x08000000         0x00100000         xr
*default*        0x00000000         0xffffffff

Linker script and memory map

LOAD /home/giulio/INTECS/SystemWorkbench64/plugins/fr.ac6.mcu.externaltools.arm-none.linux64_1.13.1.201703061524/tools/compiler/bin/../lib/gcc/arm-none-eabi/5.4.1/armv7e-m/fpu/crti.o
LOAD /home/giulio/INTECS/SystemWorkbench64/plugins/fr.ac6.mcu.externaltools.arm-none.linux64_1.13.1.201703061524/tools/compiler/bin/../lib/gcc/arm-none-eabi/5.4.1/armv7e-m/fpu/crtbegin.o
LOAD /home/giulio/INTECS/SystemWorkbench64/plugins/fr.ac6.mcu.externaltools.arm-none.linux64_1.13.1.201703061524/tools/compiler/bin/../lib/gcc/arm-none-eabi/5.4.1/../../../../arm-none-eabi/lib/armv7e-m/fpu/crt0.o
LOAD /home/giulio/INTECS/SystemWorkbench64/plugins/fr.ac6.mcu.externaltools.arm-none.linux64_1.13.1.201703061524/tools/compiler/bin/../lib/gcc/arm-none-eabi/5.4.1/../../../../arm-none-eabi/lib/armv7e-m/fpu/libm.a
LOAD Drivers/STM32L4xx_HAL_Driver/Src/stm32l4xx_hal.o
LOAD Drivers/STM32L4xx_HAL_Driver/Src/stm32l4xx_hal_cortex.o
LOAD Drivers/STM32L4xx_HAL_Driver/Src/stm32l4xx_hal_dma.o
LOAD Drivers/STM32L4xx_HAL_Driver/Src/stm32l4xx_hal_flash.o
LOAD Drivers/STM32L4xx_HAL_Driver/Src/stm32l4xx_hal_flash_ex.o
LOAD Drivers/STM32L4xx_HAL_Driver/Src/stm32l4xx_hal_flash_ramfunc.o
LOAD Drivers/STM32L4xx_HAL_Driver/Src/stm32l4xx_hal_gpio.o
LOAD Drivers/STM32L4xx_HAL_Driver/Src/stm32l4xx_hal_i2c.o
LOAD Drivers/STM32L4xx_HAL_Driver/Src/stm32l4xx_hal_i2c_ex.o
LOAD Drivers/STM32L4xx_HAL_Driver/Src/stm32l4xx_hal_pwr.o
LOAD Drivers/STM32L4xx_HAL_Driver/Src/stm32l4xx_hal_pwr_ex.o
LOAD Drivers/STM32L4xx_HAL_Driver/Src/stm32l4xx_hal_rcc.o
LOAD Drivers/STM32L4xx_HAL_Driver/Src/stm32l4xx_hal_rcc_ex.o
LOAD Drivers/STM32L4xx_HAL_Driver/Src/stm32l4xx_hal_tim.o
LOAD Drivers/STM32L4xx_HAL_Driver/Src/stm32l4xx_hal_tim_ex.o
LOAD Drivers/STM32L4xx_HAL_Driver/Src/stm32l4xx_hal_uart.o
LOAD Drivers/STM32L4xx_HAL_Driver/Src/stm32l4xx_hal_uart_ex.o
LOAD Inc/syscalls.o
LOAD Src/gpio.o
LOAD Src/main.o
LOAD Src/stm32l4xx_hal_msp.o
LOAD Src/stm32l4xx_it.o
LOAD Src/system_stm32l4xx.o
LOAD Src/tim.o
LOAD Src/usart.o
LOAD Src/gps/gps_handler.o
LOAD Src/gps/minmea.o
LOAD Src/temperature/temperature_handler.o
LOAD Src/temperature/tm_stm32f4_ds18b20.o
LOAD Src/temperature/tm_stm32f4_onewire.o
LOAD Src/water-level/tm_stm32f4_hcsr04.o
LOAD Src/water-level/waterlevel_handler.o
LOAD startup/startup_stm32l476xx.o
START GROUP
LOAD /home/giulio/INTECS/SystemWorkbench64/plugins/fr.ac6.mcu.externaltools.arm-none.linux64_1.13.1.201703061524/tools/compiler/bin/../lib/gcc/arm-none-eabi/5.4.1/armv7e-m/fpu/libgcc.a
LOAD /home/giulio/INTECS/SystemWorkbench64/plugins/fr.ac6.mcu.externaltools.arm-none.linux64_1.13.1.201703061524/tools/compiler/bin/../lib/gcc/arm-none-eabi/5.4.1/../../../../arm-none-eabi/lib/armv7e-m/fpu/libc_nano.a
END GROUP
START GROUP
LOAD /home/giulio/INTECS/SystemWorkbench64/plugins/fr.ac6.mcu.externaltools.arm-none.linux64_1.13.1.201703061524/tools/compiler/bin/../lib/gcc/arm-none-eabi/5.4.1/armv7e-m/fpu/libgcc.a
LOAD /home/giulio/INTECS/SystemWorkbench64/plugins/fr.ac6.mcu.externaltools.arm-none.linux64_1.13.1.201703061524/tools/compiler/bin/../lib/gcc/arm-none-eabi/5.4.1/../../../../arm-none-eabi/lib/armv7e-m/fpu/libc_nano.a
LOAD /home/giulio/INTECS/SystemWorkbench64/plugins/fr.ac6.mcu.externaltools.arm-none.linux64_1.13.1.201703061524/tools/compiler/bin/../lib/gcc/arm-none-eabi/5.4.1/../../../../arm-none-eabi/lib/armv7e-m/fpu/libnosys.a
END GROUP
START GROUP
LOAD /home/giulio/INTECS/SystemWorkbench64/plugins/fr.ac6.mcu.externaltools.arm-none.linux64_1.13.1.201703061524/tools/compiler/bin/../lib/gcc/arm-none-eabi/5.4.1/armv7e-m/fpu/libgcc.a
LOAD /home/giulio/INTECS/SystemWorkbench64/plugins/fr.ac6.mcu.externaltools.arm-none.linux64_1.13.1.201703061524/tools/compiler/bin/../lib/gcc/arm-none-eabi/5.4.1/../../../../arm-none-eabi/lib/armv7e-m/fpu/libc_nano.a
LOAD /home/giulio/INTECS/SystemWorkbench64/plugins/fr.ac6.mcu.externaltools.arm-none.linux64_1.13.1.201703061524/tools/compiler/bin/../lib/gcc/arm-none-eabi/5.4.1/../../../../arm-none-eabi/lib/armv7e-m/fpu/libnosys.a
END GROUP
LOAD /home/giulio/INTECS/SystemWorkbench64/plugins/fr.ac6.mcu.externaltools.arm-none.linux64_1.13.1.201703061524/tools/compiler/bin/../lib/gcc/arm-none-eabi/5.4.1/armv7e-m/fpu/crtend.o
LOAD /home/giulio/INTECS/SystemWorkbench64/plugins/fr.ac6.mcu.externaltools.arm-none.linux64_1.13.1.201703061524/tools/compiler/bin/../lib/gcc/arm-none-eabi/5.4.1/armv7e-m/fpu/crtn.o
                0x20018000                _estack = 0x20018000
                0x00000200                _Min_Heap_Size = 0x200
                0x00000400                _Min_Stack_Size = 0x400

.isr_vector     0x08000000      0x188
                0x08000000                . = ALIGN (0x8)
 *(.isr_vector)
 .isr_vector    0x08000000      0x188 startup/startup_stm32l476xx.o
                0x08000000                g_pfnVectors
                0x08000188                . = ALIGN (0x8)

.text           0x08000190     0x8360
                0x08000190                . = ALIGN (0x8)
 *(.text)
 .text          0x08000190       0x5c /home/giulio/INTECS/SystemWorkbench64/plugins/fr.ac6.mcu.externaltools.arm-none.linux64_1.13.1.201703061524/tools/compiler/bin/../lib/gcc/arm-none-eabi/5.4.1/armv7e-m/fpu/crtbegin.o
 .text          0x080001ec       0x30 /home/giulio/INTECS/SystemWorkbench64/plugins/fr.ac6.mcu.externaltools.arm-none.linux64_1.13.1.201703061524/tools/compiler/bin/../lib/gcc/arm-none-eabi/5.4.1/armv7e-m/fpu/libgcc.a(_aeabi_uldivmod.o)
                0x080001ec                __aeabi_uldivmod
 .text          0x0800021c      0x2e4 /home/giulio/INTECS/SystemWorkbench64/plugins/fr.ac6.mcu.externaltools.arm-none.linux64_1.13.1.201703061524/tools/compiler/bin/../lib/gcc/arm-none-eabi/5.4.1/armv7e-m/fpu/libgcc.a(_udivmoddi4.o)
                0x0800021c                __udivmoddi4
 .text          0x08000500        0x4 /home/giulio/INTECS/SystemWorkbench64/plugins/fr.ac6.mcu.externaltools.arm-none.linux64_1.13.1.201703061524/tools/compiler/bin/../lib/gcc/arm-none-eabi/5.4.1/armv7e-m/fpu/libgcc.a(_dvmd_tls.o)
                0x08000500                __aeabi_ldiv0
                0x08000500                __aeabi_idiv0
 .text          0x08000504       0x14 /home/giulio/INTECS/SystemWorkbench64/plugins/fr.ac6.mcu.externaltools.arm-none.linux64_1.13.1.201703061524/tools/compiler/bin/../lib/gcc/arm-none-eabi/5.4.1/../../../../arm-none-eabi/lib/armv7e-m/fpu/libc_nano.a(lib_a-strcmp.o)
                0x08000504                strcmp
 .text          0x08000518       0x10 /home/giulio/INTECS/SystemWorkbench64/plugins/fr.ac6.mcu.externaltools.arm-none.linux64_1.13.1.201703061524/tools/compiler/bin/../lib/gcc/arm-none-eabi/5.4.1/../../../../arm-none-eabi/lib/armv7e-m/fpu/libc_nano.a(lib_a-strlen.o)
                0x08000518                strlen
 *fill*         0x08000528        0x8 
 .text          0x08000530       0xa0 /home/giulio/INTECS/SystemWorkbench64/plugins/fr.ac6.mcu.externaltools.arm-none.linux64_1.13.1.201703061524/tools/compiler/bin/../lib/gcc/arm-none-eabi/5.4.1/../../../../arm-none-eabi/lib/armv7e-m/fpu/libc_nano.a(lib_a-memchr.o)
                0x08000530                memchr
 .text          0x080005d0      0x370 /home/giulio/INTECS/SystemWorkbench64/plugins/fr.ac6.mcu.externaltools.arm-none.linux64_1.13.1.201703061524/tools/compiler/bin/../lib/gcc/arm-none-eabi/5.4.1/armv7e-m/fpu/libgcc.a(_arm_addsubdf3.o)
                0x080005d0                __aeabi_drsub
                0x080005d8                __aeabi_dsub
                0x080005d8                __subdf3
                0x080005dc                __adddf3
                0x080005dc                __aeabi_dadd
                0x08000854                __aeabi_ui2d
                0x08000854                __floatunsidf
                0x08000874                __floatsidf
                0x08000874                __aeabi_i2d
                0x08000898                __extendsfdf2
                0x08000898                __aeabi_f2d
                0x080008d4                __aeabi_ul2d
                0x080008d4                __floatundidf
                0x080008e4                __floatdidf
                0x080008e4                __aeabi_l2d
 .text          0x08000940      0x424 /home/giulio/INTECS/SystemWorkbench64/plugins/fr.ac6.mcu.externaltools.arm-none.linux64_1.13.1.201703061524/tools/compiler/bin/../lib/gcc/arm-none-eabi/5.4.1/armv7e-m/fpu/libgcc.a(_arm_muldivdf3.o)
                0x08000940                __aeabi_dmul
                0x08000940                __muldf3
                0x08000b94                __aeabi_ddiv
                0x08000b94                __divdf3
 .text          0x08000d64      0x110 /home/giulio/INTECS/SystemWorkbench64/plugins/fr.ac6.mcu.externaltools.arm-none.linux64_1.13.1.201703061524/tools/compiler/bin/../lib/gcc/arm-none-eabi/5.4.1/armv7e-m/fpu/libgcc.a(_arm_cmpdf2.o)
                0x08000d64                __gtdf2
                0x08000d64                __gedf2
                0x08000d6c                __ltdf2
                0x08000d6c                __ledf2
                0x08000d74                __cmpdf2
                0x08000d74                __eqdf2
                0x08000d74                __nedf2
                0x08000df0                __aeabi_cdrcmple
                0x08000e00                __aeabi_cdcmple
                0x08000e00                __aeabi_cdcmpeq
                0x08000e10                __aeabi_dcmpeq
                0x08000e24                __aeabi_dcmplt
                0x08000e38                __aeabi_dcmple
                0x08000e4c                __aeabi_dcmpge
                0x08000e60                __aeabi_dcmpgt
 .text          0x08000e74       0x2c /home/giulio/INTECS/SystemWorkbench64/plugins/fr.ac6.mcu.externaltools.arm-none.linux64_1.13.1.201703061524/tools/compiler/bin/../lib/gcc/arm-none-eabi/5.4.1/armv7e-m/fpu/libgcc.a(_arm_unorddf2.o)
                0x08000e74                __aeabi_dcmpun
                0x08000e74                __unorddf2
 .text          0x08000ea0       0x50 /home/giulio/INTECS/SystemWorkbench64/plugins/fr.ac6.mcu.externaltools.arm-none.linux64_1.13.1.201703061524/tools/compiler/bin/../lib/gcc/arm-none-eabi/5.4.1/armv7e-m/fpu/libgcc.a(_arm_fixdfsi.o)
                0x08000ea0                __fixdfsi
                0x08000ea0                __aeabi_d2iz
 .text          0x08000ef0       0x40 /home/giulio/INTECS/SystemWorkbench64/plugins/fr.ac6.mcu.externaltools.arm-none.linux64_1.13.1.201703061524/tools/compiler/bin/../lib/gcc/arm-none-eabi/5.4.1/armv7e-m/fpu/libgcc.a(_arm_fixunsdfsi.o)
                0x08000ef0                __fixunsdfsi
                0x08000ef0                __aeabi_d2uiz
 .text          0x08000f30       0xa0 /home/giulio/INTECS/SystemWorkbench64/plugins/fr.ac6.mcu.externaltools.arm-none.linux64_1.13.1.201703061524/tools/compiler/bin/../lib/gcc/arm-none-eabi/5.4.1/armv7e-m/fpu/libgcc.a(_arm_truncdfsf2.o)
                0x08000f30                __aeabi_d2f
                0x08000f30                __truncdfsf2
 *(.text*)
 .text.HAL_InitTick
                0x08000fd0       0x28 Drivers/STM32L4xx_HAL_Driver/Src/stm32l4xx_hal.o
                0x08000fd0                HAL_InitTick
 .text.HAL_Init
                0x08000ff8       0x24 Drivers/STM32L4xx_HAL_Driver/Src/stm32l4xx_hal.o
                0x08000ff8                HAL_Init
 .text.HAL_IncTick
                0x0800101c       0x10 Drivers/STM32L4xx_HAL_Driver/Src/stm32l4xx_hal.o
                0x0800101c                HAL_IncTick
 .text.HAL_GetTick
                0x0800102c        0xc Drivers/STM32L4xx_HAL_Driver/Src/stm32l4xx_hal.o
                0x0800102c                HAL_GetTick
 .text.HAL_Delay
                0x08001038       0x16 Drivers/STM32L4xx_HAL_Driver/Src/stm32l4xx_hal.o
                0x08001038                HAL_Delay
 *fill*         0x0800104e        0x2 
 .text.HAL_NVIC_SetPriorityGrouping
                0x08001050       0x24 Drivers/STM32L4xx_HAL_Driver/Src/stm32l4xx_hal_cortex.o
                0x08001050                HAL_NVIC_SetPriorityGrouping
 .text.HAL_NVIC_SetPriority
                0x08001074       0x68 Drivers/STM32L4xx_HAL_Driver/Src/stm32l4xx_hal_cortex.o
                0x08001074                HAL_NVIC_SetPriority
 .text.HAL_NVIC_EnableIRQ
                0x080010dc       0x18 Drivers/STM32L4xx_HAL_Driver/Src/stm32l4xx_hal_cortex.o
                0x080010dc                HAL_NVIC_EnableIRQ
 .text.HAL_SYSTICK_Config
                0x080010f4       0x2c Drivers/STM32L4xx_HAL_Driver/Src/stm32l4xx_hal_cortex.o
                0x080010f4                HAL_SYSTICK_Config
 .text.HAL_SYSTICK_CLKSourceConfig
                0x08001120       0x18 Drivers/STM32L4xx_HAL_Driver/Src/stm32l4xx_hal_cortex.o
                0x08001120                HAL_SYSTICK_CLKSourceConfig
 .text.HAL_SYSTICK_Callback
                0x08001138        0x2 Drivers/STM32L4xx_HAL_Driver/Src/stm32l4xx_hal_cortex.o
                0x08001138                HAL_SYSTICK_Callback
 .text.HAL_SYSTICK_IRQHandler
                0x0800113a        0x8 Drivers/STM32L4xx_HAL_Driver/Src/stm32l4xx_hal_cortex.o
                0x0800113a                HAL_SYSTICK_IRQHandler
 .text.HAL_DMA_Abort_IT
                0x08001142       0x48 Drivers/STM32L4xx_HAL_Driver/Src/stm32l4xx_hal_dma.o
                0x08001142                HAL_DMA_Abort_IT
 *fill*         0x0800118a        0x2 
 .text.HAL_GPIO_Init
                0x0800118c      0x1bc Drivers/STM32L4xx_HAL_Driver/Src/stm32l4xx_hal_gpio.o
                0x0800118c                HAL_GPIO_Init
 .text.HAL_GPIO_ReadPin
                0x08001348        0xc Drivers/STM32L4xx_HAL_Driver/Src/stm32l4xx_hal_gpio.o
                0x08001348                HAL_GPIO_ReadPin
 .text.HAL_GPIO_WritePin
                0x08001354        0xa Drivers/STM32L4xx_HAL_Driver/Src/stm32l4xx_hal_gpio.o
                0x08001354                HAL_GPIO_WritePin
 *fill*         0x0800135e        0x2 
 .text.HAL_PWREx_GetVoltageRange
                0x08001360       0x10 Drivers/STM32L4xx_HAL_Driver/Src/stm32l4xx_hal_pwr_ex.o
                0x08001360                HAL_PWREx_GetVoltageRange
 .text.HAL_PWREx_ControlVoltageScaling
                0x08001370       0x6c Drivers/STM32L4xx_HAL_Driver/Src/stm32l4xx_hal_pwr_ex.o
                0x08001370                HAL_PWREx_ControlVoltageScaling
 .text.RCC_SetFlashLatencyFromMSIRange
                0x080013dc       0x84 Drivers/STM32L4xx_HAL_Driver/Src/stm32l4xx_hal_rcc.o
 .text.HAL_RCC_GetSysClockFreq
                0x08001460      0x13c Drivers/STM32L4xx_HAL_Driver/Src/stm32l4xx_hal_rcc.o
                0x08001460                HAL_RCC_GetSysClockFreq
 .text.HAL_RCC_OscConfig
                0x0800159c      0x48c Drivers/STM32L4xx_HAL_Driver/Src/stm32l4xx_hal_rcc.o
                0x0800159c                HAL_RCC_OscConfig
 .text.HAL_RCC_ClockConfig
                0x08001a28      0x170 Drivers/STM32L4xx_HAL_Driver/Src/stm32l4xx_hal_rcc.o
                0x08001a28                HAL_RCC_ClockConfig
 .text.HAL_RCC_GetHCLKFreq
                0x08001b98        0xc Drivers/STM32L4xx_HAL_Driver/Src/stm32l4xx_hal_rcc.o
                0x08001b98                HAL_RCC_GetHCLKFreq
 .text.HAL_RCC_GetPCLK1Freq
                0x08001ba4       0x30 Drivers/STM32L4xx_HAL_Driver/Src/stm32l4xx_hal_rcc.o
                0x08001ba4                HAL_RCC_GetPCLK1Freq
 .text.HAL_RCC_GetPCLK2Freq
                0x08001bd4       0x30 Drivers/STM32L4xx_HAL_Driver/Src/stm32l4xx_hal_rcc.o
                0x08001bd4                HAL_RCC_GetPCLK2Freq
 .text.RCCEx_PLLSAI1_Config
                0x08001c04      0x170 Drivers/STM32L4xx_HAL_Driver/Src/stm32l4xx_hal_rcc_ex.o
 .text.RCCEx_PLLSAI2_Config
                0x08001d74      0x140 Drivers/STM32L4xx_HAL_Driver/Src/stm32l4xx_hal_rcc_ex.o
 .text.HAL_RCCEx_PeriphCLKConfig
                0x08001eb4      0x3cc Drivers/STM32L4xx_HAL_Driver/Src/stm32l4xx_hal_rcc_ex.o
                0x08001eb4                HAL_RCCEx_PeriphCLKConfig
 .text.HAL_RCCEx_EnableMSIPLLMode
                0x08002280       0x10 Drivers/STM32L4xx_HAL_Driver/Src/stm32l4xx_hal_rcc_ex.o
                0x08002280                HAL_RCCEx_EnableMSIPLLMode
 .text.HAL_TIM_Base_Start
                0x08002290       0x1a Drivers/STM32L4xx_HAL_Driver/Src/stm32l4xx_hal_tim.o
                0x08002290                HAL_TIM_Base_Start
 *fill*         0x080022aa        0x2 
 .text.TIM_Base_SetConfig
                0x080022ac       0xc4 Drivers/STM32L4xx_HAL_Driver/Src/stm32l4xx_hal_tim.o
                0x080022ac                TIM_Base_SetConfig
 .text.HAL_TIM_Base_Init
                0x08002370       0x34 Drivers/STM32L4xx_HAL_Driver/Src/stm32l4xx_hal_tim.o
                0x08002370                HAL_TIM_Base_Init
 .text.HAL_TIMEx_MasterConfigSynchronization
                0x080023a4       0x4c Drivers/STM32L4xx_HAL_Driver/Src/stm32l4xx_hal_tim_ex.o
                0x080023a4                HAL_TIMEx_MasterConfigSynchronization
 .text.UART_EndRxTransfer
                0x080023f0       0x1a Drivers/STM32L4xx_HAL_Driver/Src/stm32l4xx_hal_uart.o
 .text.HAL_UART_Receive_IT
                0x0800240a       0x86 Drivers/STM32L4xx_HAL_Driver/Src/stm32l4xx_hal_uart.o
                0x0800240a                HAL_UART_Receive_IT
 .text.HAL_UART_TxCpltCallback
                0x08002490        0x2 Drivers/STM32L4xx_HAL_Driver/Src/stm32l4xx_hal_uart.o
                0x08002490                HAL_UART_TxCpltCallback
 .text.UART_Receive_IT
                0x08002492       0x72 Drivers/STM32L4xx_HAL_Driver/Src/stm32l4xx_hal_uart.o
 .text.HAL_UART_ErrorCallback
                0x08002504        0x2 Drivers/STM32L4xx_HAL_Driver/Src/stm32l4xx_hal_uart.o
                0x08002504                HAL_UART_ErrorCallback
 *fill*         0x08002506        0x2 
 .text.HAL_UART_IRQHandler
                0x08002508      0x184 Drivers/STM32L4xx_HAL_Driver/Src/stm32l4xx_hal_uart.o
                0x08002508                HAL_UART_IRQHandler
 .text.UART_DMAAbortOnError
                0x0800268c       0x14 Drivers/STM32L4xx_HAL_Driver/Src/stm32l4xx_hal_uart.o
 .text.HAL_UART_AbortCpltCallback
                0x080026a0        0x2 Drivers/STM32L4xx_HAL_Driver/Src/stm32l4xx_hal_uart.o
                0x080026a0                HAL_UART_AbortCpltCallback
 *fill*         0x080026a2        0x2 
 .text.HAL_UART_Abort_IT
                0x080026a4       0xac Drivers/STM32L4xx_HAL_Driver/Src/stm32l4xx_hal_uart.o
                0x080026a4                HAL_UART_Abort_IT
 .text.UART_DMARxAbortCallback
                0x08002750       0x32 Drivers/STM32L4xx_HAL_Driver/Src/stm32l4xx_hal_uart.o
 .text.UART_DMATxAbortCallback
                0x08002782       0x32 Drivers/STM32L4xx_HAL_Driver/Src/stm32l4xx_hal_uart.o
 .text.UART_SetConfig
                0x080027b4      0x2f4 Drivers/STM32L4xx_HAL_Driver/Src/stm32l4xx_hal_uart.o
                0x080027b4                UART_SetConfig
 .text.UART_AdvFeatureConfig
                0x08002aa8       0xa8 Drivers/STM32L4xx_HAL_Driver/Src/stm32l4xx_hal_uart.o
                0x08002aa8                UART_AdvFeatureConfig
 .text.UART_WaitOnFlagUntilTimeout
                0x08002b50       0x62 Drivers/STM32L4xx_HAL_Driver/Src/stm32l4xx_hal_uart.o
                0x08002b50                UART_WaitOnFlagUntilTimeout
 .text.HAL_UART_Transmit
                0x08002bb2       0xb4 Drivers/STM32L4xx_HAL_Driver/Src/stm32l4xx_hal_uart.o
                0x08002bb2                HAL_UART_Transmit
 .text.HAL_UART_Receive
                0x08002c66       0xdc Drivers/STM32L4xx_HAL_Driver/Src/stm32l4xx_hal_uart.o
                0x08002c66                HAL_UART_Receive
 .text.UART_CheckIdleState
                0x08002d42       0x68 Drivers/STM32L4xx_HAL_Driver/Src/stm32l4xx_hal_uart.o
                0x08002d42                UART_CheckIdleState
 .text.HAL_UART_Init
                0x08002daa       0x64 Drivers/STM32L4xx_HAL_Driver/Src/stm32l4xx_hal_uart.o
                0x08002daa                HAL_UART_Init
 .text.HAL_UARTEx_WakeupCallback
                0x08002e0e        0x2 Drivers/STM32L4xx_HAL_Driver/Src/stm32l4xx_hal_uart_ex.o
                0x08002e0e                HAL_UARTEx_WakeupCallback
 .text._read    0x08002e10       0x1c Inc/syscalls.o
                0x08002e10                _read
 .text._write   0x08002e2c       0x1c Inc/syscalls.o
                0x08002e2c                _write
 .text._sbrk    0x08002e48       0x34 Inc/syscalls.o
                0x08002e48                _sbrk
 .text._close   0x08002e7c        0x6 Inc/syscalls.o
                0x08002e7c                _close
 .text._fstat   0x08002e82        0xa Inc/syscalls.o
                0x08002e82                _fstat
 .text._isatty  0x08002e8c        0x4 Inc/syscalls.o
                0x08002e8c                _isatty
 .text._lseek   0x08002e90        0x4 Inc/syscalls.o
                0x08002e90                _lseek
 .text.MX_GPIO_Init
                0x08002e94       0xdc Src/gpio.o
                0x08002e94                MX_GPIO_Init
 .text.SystemClock_Config
                0x08002f70       0x98 Src/main.o
                0x08002f70                SystemClock_Config
 .text.__io_putchar
                0x08003008       0x20 Src/main.o
                0x08003008                __io_putchar
 .text.RECEIVE_AND_PRINT_TEMPERATURE_AND_WATERLEVEL
                0x08003028       0x34 Src/main.o
                0x08003028                RECEIVE_AND_PRINT_TEMPERATURE_AND_WATERLEVEL
 .text.RECEIVE_DATA_FROM_SENSORS
                0x0800305c       0x48 Src/main.o
                0x0800305c                RECEIVE_DATA_FROM_SENSORS
 .text.INITIALIZE_SENSOR_HANDLERS
                0x080030a4       0x34 Src/main.o
                0x080030a4                INITIALIZE_SENSOR_HANDLERS
 .text.INITIALIZE_SENSOR_VARIABLES
                0x080030d8       0x58 Src/main.o
                0x080030d8                INITIALIZE_SENSOR_VARIABLES
 .text.HAL_UART_RxCpltCallback
                0x08003130        0xc Src/main.o
                0x08003130                HAL_UART_RxCpltCallback
 .text._invalid
                0x0800313c        0xc Src/main.o
                0x0800313c                _invalid
 .text._prompt  0x08003148       0x18 Src/main.o
                0x08003148                _prompt
 .text._choose_option
                0x08003160       0x18 Src/main.o
                0x08003160                _choose_option
 .text._scanf   0x08003178       0x60 Src/main.o
                0x08003178                _scanf
 .text._touppercase
                0x080031d8       0x22 Src/main.o
                0x080031d8                _touppercase
 *fill*         0x080031fa        0x2 
 .text.SETUP_SUMMARY
                0x080031fc      0x190 Src/main.o
                0x080031fc                SETUP_SUMMARY
 .text.SETUP_SENSORS
                0x0800338c      0x144 Src/main.o
                0x0800338c                SETUP_SENSORS
 .text.SETUP_SAMPLING_PERIOD
                0x080034d0       0x50 Src/main.o
                0x080034d0                SETUP_SAMPLING_PERIOD
 .text.SETUP_WATERTANK_HEIGHT
                0x08003520       0x68 Src/main.o
                0x08003520                SETUP_WATERTANK_HEIGHT
 .text.SETUP_ALARMS
                0x08003588      0x264 Src/main.o
                0x08003588                SETUP_ALARMS
 .text.SETUP    0x080037ec       0x68 Src/main.o
                0x080037ec                SETUP
 .text.DISPLAY_MENU
                0x08003854       0x8c Src/main.o
                0x08003854                DISPLAY_MENU
 .text.startup.main
                0x080038e0       0x80 Src/main.o
                0x080038e0                main
 .text.Error_Handler
                0x08003960        0x2 Src/main.o
                0x08003960                Error_Handler
 *fill*         0x08003962        0x2 
 .text.HAL_MspInit
                0x08003964       0xa8 Src/stm32l4xx_hal_msp.o
                0x08003964                HAL_MspInit
 .text.SysTick_Handler
                0x08003a0c        0xe Src/stm32l4xx_it.o
                0x08003a0c                SysTick_Handler
 .text.RCC_IRQHandler
                0x08003a1a        0x2 Src/stm32l4xx_it.o
                0x08003a1a                RCC_IRQHandler
 .text.USART2_IRQHandler
                0x08003a1c        0xc Src/stm32l4xx_it.o
                0x08003a1c                USART2_IRQHandler
 .text.SystemInit
                0x08003a28       0x48 Src/system_stm32l4xx.o
                0x08003a28                SystemInit
 .text.MX_TIM6_Init
                0x08003a70       0x40 Src/tim.o
                0x08003a70                MX_TIM6_Init
 .text.HAL_TIM_Base_MspInit
                0x08003ab0       0x28 Src/tim.o
                0x08003ab0                HAL_TIM_Base_MspInit
 .text.MX_USART1_UART_Init
                0x08003ad8       0x3c Src/usart.o
                0x08003ad8                MX_USART1_UART_Init
 .text.MX_USART2_UART_Init
                0x08003b14       0x3c Src/usart.o
                0x08003b14                MX_USART2_UART_Init
 .text.HAL_UART_MspInit
                0x08003b50       0x9c Src/usart.o
                0x08003b50                HAL_UART_MspInit
 .text.GPS_HANDLER_NMEA_PreservedDataReceived.part.0
                0x08003bec       0x1e Src/gps/gps_handler.o
 *fill*         0x08003c0a        0x2 
 .text.GPS_HANDLER_INIT
                0x08003c0c       0x38 Src/gps/gps_handler.o
                0x08003c0c                GPS_HANDLER_INIT
 .text.GPS_HANDLER_NMEA_PreservedDataReceived
                0x08003c44       0x34 Src/gps/gps_handler.o
                0x08003c44                GPS_HANDLER_NMEA_PreservedDataReceived
 .text.GPS_HANDLER_Parse_Buffrx
                0x08003c78      0x1dc Src/gps/gps_handler.o
                0x08003c78                GPS_HANDLER_Parse_Buffrx
 .text.GPS_HANDLER_Receive
                0x08003e54       0x5c Src/gps/gps_handler.o
                0x08003e54                GPS_HANDLER_Receive
 .text.GPS_HANDLER_NMEA_Print
                0x08003eb0       0x98 Src/gps/gps_handler.o
                0x08003eb0                GPS_HANDLER_NMEA_Print
 .text.GPS_HANDLER_NMEA_MESSAGE_Received
                0x08003f48        0xc Src/gps/gps_handler.o
                0x08003f48                GPS_HANDLER_NMEA_MESSAGE_Received
 .text.minmea_isfield
                0x08003f54       0x28 Src/gps/minmea.o
 .text.hex2int  0x08003f7c       0x2a Src/gps/minmea.o
 *fill*         0x08003fa6        0x2 
 .text.minmea_check
                0x08003fa8       0xa0 Src/gps/minmea.o
                0x08003fa8                minmea_check
 .text.minmea_scan
                0x08004048      0x460 Src/gps/minmea.o
                0x08004048                minmea_scan
 .text.minmea_sentence_id
                0x080044a8       0xb4 Src/gps/minmea.o
                0x080044a8                minmea_sentence_id
 .text.minmea_parse_rmc
                0x0800455c       0x90 Src/gps/minmea.o
                0x0800455c                minmea_parse_rmc
 .text.minmea_parse_gga
                0x080045ec       0x88 Src/gps/minmea.o
                0x080045ec                minmea_parse_gga
 .text.minmea_parse_gsa
                0x08004674       0x90 Src/gps/minmea.o
                0x08004674                minmea_parse_gsa
 .text.minmea_parse_gll
                0x08004704       0x64 Src/gps/minmea.o
                0x08004704                minmea_parse_gll
 .text.minmea_parse_gst
                0x08004768       0x5c Src/gps/minmea.o
                0x08004768                minmea_parse_gst
 .text.minmea_parse_gsv
                0x080047c4       0x9c Src/gps/minmea.o
                0x080047c4                minmea_parse_gsv
 .text.minmea_parse_vtg
                0x08004860       0x90 Src/gps/minmea.o
                0x08004860                minmea_parse_vtg
 .text.TEMPERATURE_HANDLER_INIT
                0x080048f0       0x54 Src/temperature/temperature_handler.o
                0x080048f0                TEMPERATURE_HANDLER_INIT
 .text.TEMPERATURE_HANDLER_Receive
                0x08004944       0xd8 Src/temperature/temperature_handler.o
                0x08004944                TEMPERATURE_HANDLER_Receive
 .text.TEMPERATURE_HANDLER_Print
                0x08004a1c       0x9c Src/temperature/temperature_handler.o
                0x08004a1c                TEMPERATURE_HANDLER_Print
 .text.TM_DS18B20_Start
                0x08004ab8       0x28 Src/temperature/tm_stm32f4_ds18b20.o
                0x08004ab8                TM_DS18B20_Start
 .text.TM_DS18B20_StartAll
                0x08004ae0       0x1c Src/temperature/tm_stm32f4_ds18b20.o
                0x08004ae0                TM_DS18B20_StartAll
 .text.TM_DS18B20_Read
                0x08004afc      0x104 Src/temperature/tm_stm32f4_ds18b20.o
                0x08004afc                TM_DS18B20_Read
 .text.TM_DS18B20_SetResolution
                0x08004c00       0xd0 Src/temperature/tm_stm32f4_ds18b20.o
                0x08004c00                TM_DS18B20_SetResolution
 .text.TM_DS18B20_AllDone
                0x08004cd0        0x4 Src/temperature/tm_stm32f4_ds18b20.o
                0x08004cd0                TM_DS18B20_AllDone
 .text.TM_OneWire_Init
                0x08004cd4        0x6 Src/temperature/tm_stm32f4_onewire.o
                0x08004cd4                TM_OneWire_Init
 *fill*         0x08004cda        0x2 
 .text.TM_OneWire_Reset
                0x08004cdc       0x94 Src/temperature/tm_stm32f4_onewire.o
                0x08004cdc                TM_OneWire_Reset
 .text.TM_OneWire_WriteBit
                0x08004d70      0x134 Src/temperature/tm_stm32f4_onewire.o
                0x08004d70                TM_OneWire_WriteBit
 .text.TM_OneWire_ReadBit
                0x08004ea4       0x98 Src/temperature/tm_stm32f4_onewire.o
                0x08004ea4                TM_OneWire_ReadBit
 .text.TM_OneWire_WriteByte
                0x08004f3c       0x20 Src/temperature/tm_stm32f4_onewire.o
                0x08004f3c                TM_OneWire_WriteByte
 .text.TM_OneWire_ReadByte
                0x08004f5c       0x24 Src/temperature/tm_stm32f4_onewire.o
                0x08004f5c                TM_OneWire_ReadByte
 .text.TM_OneWire_Search
                0x08004f80       0xd6 Src/temperature/tm_stm32f4_onewire.o
                0x08004f80                TM_OneWire_Search
 .text.TM_OneWire_First
                0x08005056        0xe Src/temperature/tm_stm32f4_onewire.o
                0x08005056                TM_OneWire_First
 .text.TM_OneWire_SelectWithPointer
                0x08005064       0x20 Src/temperature/tm_stm32f4_onewire.o
                0x08005064                TM_OneWire_SelectWithPointer
 .text.TM_OneWire_GetFullROM
                0x08005084       0x16 Src/temperature/tm_stm32f4_onewire.o
                0x08005084                TM_OneWire_GetFullROM
 .text.TM_OneWire_CRC8
                0x0800509a       0x38 Src/temperature/tm_stm32f4_onewire.o
                0x0800509a                TM_OneWire_CRC8
 *fill*         0x080050d2        0x2 
 .text.TM_HCSR04_Read
                0x080050d4       0x90 Src/water-level/tm_stm32f4_hcsr04.o
                0x080050d4                TM_HCSR04_Read
 .text.TM_HCSR04_Init
                0x08005164       0x30 Src/water-level/tm_stm32f4_hcsr04.o
                0x08005164                TM_HCSR04_Init
 .text.WATERLEVEL_HANDLER_INIT
                0x08005194       0x40 Src/water-level/waterlevel_handler.o
                0x08005194                WATERLEVEL_HANDLER_INIT
 .text.WATERLEVEL_HANDLER_Receive
                0x080051d4       0xa8 Src/water-level/waterlevel_handler.o
                0x080051d4                WATERLEVEL_HANDLER_Receive
 .text.WATERLEVEL_HANDLER_Print
                0x0800527c       0xac Src/water-level/waterlevel_handler.o
                0x0800527c                WATERLEVEL_HANDLER_Print
 .text.Reset_Handler
                0x08005328       0x50 startup/startup_stm32l476xx.o
                0x08005328                Reset_Handler
 .text.Default_Handler
                0x08005378        0x2 startup/startup_stm32l476xx.o
                0x08005378                RTC_Alarm_IRQHandler
                0x08005378                EXTI2_IRQHandler
                0x08005378                TIM8_TRG_COM_IRQHandler
                0x08005378                TIM8_CC_IRQHandler
                0x08005378                DebugMon_Handler
                0x08005378                TIM1_CC_IRQHandler
                0x08005378                TSC_IRQHandler
                0x08005378                HardFault_Handler
                0x08005378                TAMP_STAMP_IRQHandler
                0x08005378                PendSV_Handler
                0x08005378                NMI_Handler
                0x08005378                EXTI3_IRQHandler
                0x08005378                LPTIM2_IRQHandler
                0x08005378                DFSDM1_FLT1_IRQHandler
                0x08005378                I2C3_ER_IRQHandler
                0x08005378                DFSDM1_FLT2_IRQHandler
                0x08005378                EXTI0_IRQHandler
                0x08005378                I2C2_EV_IRQHandler
                0x08005378                CAN1_RX0_IRQHandler
                0x08005378                FPU_IRQHandler
                0x08005378                TIM1_UP_TIM16_IRQHandler
                0x08005378                UsageFault_Handler
                0x08005378                ADC1_2_IRQHandler
                0x08005378                SPI1_IRQHandler
                0x08005378                TIM6_DAC_IRQHandler
                0x08005378                TIM8_UP_IRQHandler
                0x08005378                DMA2_Channel2_IRQHandler
                0x08005378                DMA1_Channel4_IRQHandler
                0x08005378                SAI2_IRQHandler
                0x08005378                DFSDM1_FLT3_IRQHandler
                0x08005378                USART3_IRQHandler
                0x08005378                DMA1_Channel7_IRQHandler
                0x08005378                CAN1_RX1_IRQHandler
                0x08005378                LCD_IRQHandler
                0x08005378                UART5_IRQHandler
                0x08005378                ADC3_IRQHandler
                0x08005378                TIM4_IRQHandler
                0x08005378                DMA2_Channel1_IRQHandler
                0x08005378                QUADSPI_IRQHandler
                0x08005378                I2C1_EV_IRQHandler
                0x08005378                DMA1_Channel6_IRQHandler
                0x08005378                UART4_IRQHandler
                0x08005378                DMA2_Channel4_IRQHandler
                0x08005378                TIM3_IRQHandler
                0x08005378                DMA1_Channel1_IRQHandler
                0x08005378                Default_Handler
                0x08005378                DMA2_Channel7_IRQHandler
                0x08005378                EXTI15_10_IRQHandler
                0x08005378                TIM7_IRQHandler
                0x08005378                SDMMC1_IRQHandler
                0x08005378                TIM5_IRQHandler
                0x08005378                I2C3_EV_IRQHandler
                0x08005378                EXTI9_5_IRQHandler
                0x08005378                RTC_WKUP_IRQHandler
                0x08005378                PVD_PVM_IRQHandler
                0x08005378                SPI2_IRQHandler
                0x08005378                MemManage_Handler
                0x08005378                CAN1_TX_IRQHandler
                0x08005378                SVC_Handler
                0x08005378                DMA2_Channel5_IRQHandler
                0x08005378                DMA1_Channel5_IRQHandler
                0x08005378                EXTI4_IRQHandler
                0x08005378                RNG_IRQHandler
                0x08005378                TIM1_TRG_COM_TIM17_IRQHandler
                0x08005378                DMA1_Channel3_IRQHandler
                0x08005378                COMP_IRQHandler
                0x08005378                WWDG_IRQHandler
                0x08005378                LPUART1_IRQHandler
                0x08005378                DMA2_Channel6_IRQHandler
                0x08005378                TIM2_IRQHandler
                0x08005378                EXTI1_IRQHandler
                0x08005378                DFSDM1_FLT0_IRQHandler
                0x08005378                I2C2_ER_IRQHandler
                0x08005378                DMA1_Channel2_IRQHandler
                0x08005378                TIM8_BRK_IRQHandler
                0x08005378                CAN1_SCE_IRQHandler
                0x08005378                FLASH_IRQHandler
                0x08005378                BusFault_Handler
                0x08005378                USART1_IRQHandler
                0x08005378                OTG_FS_IRQHandler
                0x08005378                SPI3_IRQHandler
                0x08005378                I2C1_ER_IRQHandler
                0x08005378                FMC_IRQHandler
                0x08005378                SWPMI1_IRQHandler
                0x08005378                LPTIM1_IRQHandler
                0x08005378                SAI1_IRQHandler
                0x08005378                DMA2_Channel3_IRQHandler
                0x08005378                TIM1_BRK_TIM15_IRQHandler
 *fill*         0x0800537a        0x2 
 .text.__errno  0x0800537c        0xc /home/giulio/INTECS/SystemWorkbench64/plugins/fr.ac6.mcu.externaltools.arm-none.linux64_1.13.1.201703061524/tools/compiler/bin/../lib/gcc/arm-none-eabi/5.4.1/../../../../arm-none-eabi/lib/armv7e-m/fpu/libc_nano.a(lib_a-errno.o)
                0x0800537c                __errno
 .text.__libc_init_array
                0x08005388       0x4c /home/giulio/INTECS/SystemWorkbench64/plugins/fr.ac6.mcu.externaltools.arm-none.linux64_1.13.1.201703061524/tools/compiler/bin/../lib/gcc/arm-none-eabi/5.4.1/../../../../arm-none-eabi/lib/armv7e-m/fpu/libc_nano.a(lib_a-init.o)
                0x08005388                __libc_init_array
 .text.__get_current_locale
                0x080053d4       0x18 /home/giulio/INTECS/SystemWorkbench64/plugins/fr.ac6.mcu.externaltools.arm-none.linux64_1.13.1.201703061524/tools/compiler/bin/../lib/gcc/arm-none-eabi/5.4.1/../../../../arm-none-eabi/lib/armv7e-m/fpu/libc_nano.a(lib_a-locale.o)
 .text.__locale_ctype_ptr_l
                0x080053ec        0x6 /home/giulio/INTECS/SystemWorkbench64/plugins/fr.ac6.mcu.externaltools.arm-none.linux64_1.13.1.201703061524/tools/compiler/bin/../lib/gcc/arm-none-eabi/5.4.1/../../../../arm-none-eabi/lib/armv7e-m/fpu/libc_nano.a(lib_a-locale.o)
                0x080053ec                __locale_ctype_ptr_l
 *fill*         0x080053f2        0x2 
 .text.__locale_ctype_ptr
                0x080053f4       0x14 /home/giulio/INTECS/SystemWorkbench64/plugins/fr.ac6.mcu.externaltools.arm-none.linux64_1.13.1.201703061524/tools/compiler/bin/../lib/gcc/arm-none-eabi/5.4.1/../../../../arm-none-eabi/lib/armv7e-m/fpu/libc_nano.a(lib_a-locale.o)
                0x080053f4                __locale_ctype_ptr
 .text.__ascii_mbtowc
                0x08005408       0x24 /home/giulio/INTECS/SystemWorkbench64/plugins/fr.ac6.mcu.externaltools.arm-none.linux64_1.13.1.201703061524/tools/compiler/bin/../lib/gcc/arm-none-eabi/5.4.1/../../../../arm-none-eabi/lib/armv7e-m/fpu/libc_nano.a(lib_a-mbtowc_r.o)
                0x08005408                __ascii_mbtowc
 .text.memcpy   0x0800542c       0x16 /home/giulio/INTECS/SystemWorkbench64/plugins/fr.ac6.mcu.externaltools.arm-none.linux64_1.13.1.201703061524/tools/compiler/bin/../lib/gcc/arm-none-eabi/5.4.1/../../../../arm-none-eabi/lib/armv7e-m/fpu/libc_nano.a(lib_a-memcpy-stub.o)
                0x0800542c                memcpy
 .text.memset   0x08005442       0x10 /home/giulio/INTECS/SystemWorkbench64/plugins/fr.ac6.mcu.externaltools.arm-none.linux64_1.13.1.201703061524/tools/compiler/bin/../lib/gcc/arm-none-eabi/5.4.1/../../../../arm-none-eabi/lib/armv7e-m/fpu/libc_nano.a(lib_a-memset.o)
                0x08005442                memset
 *fill*         0x08005452        0x2 
 .text.printf   0x08005454       0x30 /home/giulio/INTECS/SystemWorkbench64/plugins/fr.ac6.mcu.externaltools.arm-none.linux64_1.13.1.201703061524/tools/compiler/bin/../lib/gcc/arm-none-eabi/5.4.1/../../../../arm-none-eabi/lib/armv7e-m/fpu/libc_nano.a(lib_a-printf.o)
                0x08005454                printf
                0x08005454                iprintf
 .text._puts_r  0x08005484       0xb4 /home/giulio/INTECS/SystemWorkbench64/plugins/fr.ac6.mcu.externaltools.arm-none.linux64_1.13.1.201703061524/tools/compiler/bin/../lib/gcc/arm-none-eabi/5.4.1/../../../../arm-none-eabi/lib/armv7e-m/fpu/libc_nano.a(lib_a-puts.o)
                0x08005484                _puts_r
 .text.puts     0x08005538       0x10 /home/giulio/INTECS/SystemWorkbench64/plugins/fr.ac6.mcu.externaltools.arm-none.linux64_1.13.1.201703061524/tools/compiler/bin/../lib/gcc/arm-none-eabi/5.4.1/../../../../arm-none-eabi/lib/armv7e-m/fpu/libc_nano.a(lib_a-puts.o)
                0x08005538                puts
 .text.sprintf  0x08005548       0x48 /home/giulio/INTECS/SystemWorkbench64/plugins/fr.ac6.mcu.externaltools.arm-none.linux64_1.13.1.201703061524/tools/compiler/bin/../lib/gcc/arm-none-eabi/5.4.1/../../../../arm-none-eabi/lib/armv7e-m/fpu/libc_nano.a(lib_a-sprintf.o)
                0x08005548                sprintf
                0x08005548                siprintf
 .text.unlikely.sulp
                0x08005590       0x38 /home/giulio/INTECS/SystemWorkbench64/plugins/fr.ac6.mcu.externaltools.arm-none.linux64_1.13.1.201703061524/tools/compiler/bin/../lib/gcc/arm-none-eabi/5.4.1/../../../../arm-none-eabi/lib/armv7e-m/fpu/libc_nano.a(lib_a-strtod.o)
 .text._strtod_l
                0x080055c8      0xbf0 /home/giulio/INTECS/SystemWorkbench64/plugins/fr.ac6.mcu.externaltools.arm-none.linux64_1.13.1.201703061524/tools/compiler/bin/../lib/gcc/arm-none-eabi/5.4.1/../../../../arm-none-eabi/lib/armv7e-m/fpu/libc_nano.a(lib_a-strtod.o)
                0x080055c8                _strtod_l
 .text.strtof   0x080061b8       0x50 /home/giulio/INTECS/SystemWorkbench64/plugins/fr.ac6.mcu.externaltools.arm-none.linux64_1.13.1.201703061524/tools/compiler/bin/../lib/gcc/arm-none-eabi/5.4.1/../../../../arm-none-eabi/lib/armv7e-m/fpu/libc_nano.a(lib_a-strtod.o)
                0x080061b8                strtof
 .text.strtok   0x08006208       0x64 /home/giulio/INTECS/SystemWorkbench64/plugins/fr.ac6.mcu.externaltools.arm-none.linux64_1.13.1.201703061524/tools/compiler/bin/../lib/gcc/arm-none-eabi/5.4.1/../../../../arm-none-eabi/lib/armv7e-m/fpu/libc_nano.a(lib_a-strtok.o)
                0x08006208                strtok
 .text.__strtok_r
                0x0800626c       0x56 /home/giulio/INTECS/SystemWorkbench64/plugins/fr.ac6.mcu.externaltools.arm-none.linux64_1.13.1.201703061524/tools/compiler/bin/../lib/gcc/arm-none-eabi/5.4.1/../../../../arm-none-eabi/lib/armv7e-m/fpu/libc_nano.a(lib_a-strtok_r.o)
                0x0800626c                __strtok_r
 .text._strtol_l.isra.0
                0x080062c2      0x110 /home/giulio/INTECS/SystemWorkbench64/plugins/fr.ac6.mcu.externaltools.arm-none.linux64_1.13.1.201703061524/tools/compiler/bin/../lib/gcc/arm-none-eabi/5.4.1/../../../../arm-none-eabi/lib/armv7e-m/fpu/libc_nano.a(lib_a-strtol.o)
 *fill*         0x080063d2        0x2 
 .text.strtol   0x080063d4       0x2c /home/giulio/INTECS/SystemWorkbench64/plugins/fr.ac6.mcu.externaltools.arm-none.linux64_1.13.1.201703061524/tools/compiler/bin/../lib/gcc/arm-none-eabi/5.4.1/../../../../arm-none-eabi/lib/armv7e-m/fpu/libc_nano.a(lib_a-strtol.o)
                0x080063d4                strtol
 .text._strtoul_l.isra.0
                0x08006400      0x102 /home/giulio/INTECS/SystemWorkbench64/plugins/fr.ac6.mcu.externaltools.arm-none.linux64_1.13.1.201703061524/tools/compiler/bin/../lib/gcc/arm-none-eabi/5.4.1/../../../../arm-none-eabi/lib/armv7e-m/fpu/libc_nano.a(lib_a-strtoul.o)
 *fill*         0x08006502        0x2 
 .text.strtoul  0x08006504       0x2c /home/giulio/INTECS/SystemWorkbench64/plugins/fr.ac6.mcu.externaltools.arm-none.linux64_1.13.1.201703061524/tools/compiler/bin/../lib/gcc/arm-none-eabi/5.4.1/../../../../arm-none-eabi/lib/armv7e-m/fpu/libc_nano.a(lib_a-strtoul.o)
                0x08006504                strtoul
 .text.__swbuf_r
                0x08006530       0xa8 /home/giulio/INTECS/SystemWorkbench64/plugins/fr.ac6.mcu.externaltools.arm-none.linux64_1.13.1.201703061524/tools/compiler/bin/../lib/gcc/arm-none-eabi/5.4.1/../../../../arm-none-eabi/lib/armv7e-m/fpu/libc_nano.a(lib_a-wbuf.o)
                0x08006530                __swbuf_r
 .text.__ascii_wctomb
                0x080065d8       0x1a /home/giulio/INTECS/SystemWorkbench64/plugins/fr.ac6.mcu.externaltools.arm-none.linux64_1.13.1.201703061524/tools/compiler/bin/../lib/gcc/arm-none-eabi/5.4.1/../../../../arm-none-eabi/lib/armv7e-m/fpu/libc_nano.a(lib_a-wctomb_r.o)
                0x080065d8                __ascii_wctomb
 *fill*         0x080065f2        0x2 
 .text.__swsetup_r
                0x080065f4       0xdc /home/giulio/INTECS/SystemWorkbench64/plugins/fr.ac6.mcu.externaltools.arm-none.linux64_1.13.1.201703061524/tools/compiler/bin/../lib/gcc/arm-none-eabi/5.4.1/../../../../arm-none-eabi/lib/armv7e-m/fpu/libc_nano.a(lib_a-wsetup.o)
                0x080065f4                __swsetup_r
 .text.__sflush_r
                0x080066d0      0x110 /home/giulio/INTECS/SystemWorkbench64/plugins/fr.ac6.mcu.externaltools.arm-none.linux64_1.13.1.201703061524/tools/compiler/bin/../lib/gcc/arm-none-eabi/5.4.1/../../../../arm-none-eabi/lib/armv7e-m/fpu/libc_nano.a(lib_a-fflush.o)
                0x080066d0                __sflush_r
 .text._fflush_r
                0x080067e0       0x54 /home/giulio/INTECS/SystemWorkbench64/plugins/fr.ac6.mcu.externaltools.arm-none.linux64_1.13.1.201703061524/tools/compiler/bin/../lib/gcc/arm-none-eabi/5.4.1/../../../../arm-none-eabi/lib/armv7e-m/fpu/libc_nano.a(lib_a-fflush.o)
                0x080067e0                _fflush_r
 .text._cleanup_r
                0x08006834        0xc /home/giulio/INTECS/SystemWorkbench64/plugins/fr.ac6.mcu.externaltools.arm-none.linux64_1.13.1.201703061524/tools/compiler/bin/../lib/gcc/arm-none-eabi/5.4.1/../../../../arm-none-eabi/lib/armv7e-m/fpu/libc_nano.a(lib_a-findfp.o)
                0x08006834                _cleanup_r
 .text.std.isra.0
                0x08006840       0x48 /home/giulio/INTECS/SystemWorkbench64/plugins/fr.ac6.mcu.externaltools.arm-none.linux64_1.13.1.201703061524/tools/compiler/bin/../lib/gcc/arm-none-eabi/5.4.1/../../../../arm-none-eabi/lib/armv7e-m/fpu/libc_nano.a(lib_a-findfp.o)
 .text.__sfmoreglue
                0x08006888       0x2c /home/giulio/INTECS/SystemWorkbench64/plugins/fr.ac6.mcu.externaltools.arm-none.linux64_1.13.1.201703061524/tools/compiler/bin/../lib/gcc/arm-none-eabi/5.4.1/../../../../arm-none-eabi/lib/armv7e-m/fpu/libc_nano.a(lib_a-findfp.o)
                0x08006888                __sfmoreglue
 .text.__sinit  0x080068b4       0x60 /home/giulio/INTECS/SystemWorkbench64/plugins/fr.ac6.mcu.externaltools.arm-none.linux64_1.13.1.201703061524/tools/compiler/bin/../lib/gcc/arm-none-eabi/5.4.1/../../../../arm-none-eabi/lib/armv7e-m/fpu/libc_nano.a(lib_a-findfp.o)
                0x080068b4                __sinit
 .text.__sfp    0x08006914       0x78 /home/giulio/INTECS/SystemWorkbench64/plugins/fr.ac6.mcu.externaltools.arm-none.linux64_1.13.1.201703061524/tools/compiler/bin/../lib/gcc/arm-none-eabi/5.4.1/../../../../arm-none-eabi/lib/armv7e-m/fpu/libc_nano.a(lib_a-findfp.o)
                0x08006914                __sfp
 .text._fwalk_reent
                0x0800698c       0x3c /home/giulio/INTECS/SystemWorkbench64/plugins/fr.ac6.mcu.externaltools.arm-none.linux64_1.13.1.201703061524/tools/compiler/bin/../lib/gcc/arm-none-eabi/5.4.1/../../../../arm-none-eabi/lib/armv7e-m/fpu/libc_nano.a(lib_a-fwalk.o)
                0x0800698c                _fwalk_reent
 .text.rshift   0x080069c8       0x6c /home/giulio/INTECS/SystemWorkbench64/plugins/fr.ac6.mcu.externaltools.arm-none.linux64_1.13.1.201703061524/tools/compiler/bin/../lib/gcc/arm-none-eabi/5.4.1/../../../../arm-none-eabi/lib/armv7e-m/fpu/libc_nano.a(lib_a-gdtoa-gethex.o)
 .text.__hexdig_fun
                0x08006a34       0x2a /home/giulio/INTECS/SystemWorkbench64/plugins/fr.ac6.mcu.externaltools.arm-none.linux64_1.13.1.201703061524/tools/compiler/bin/../lib/gcc/arm-none-eabi/5.4.1/../../../../arm-none-eabi/lib/armv7e-m/fpu/libc_nano.a(lib_a-gdtoa-gethex.o)
                0x08006a34                __hexdig_fun
 .text.__gethex
                0x08006a5e      0x440 /home/giulio/INTECS/SystemWorkbench64/plugins/fr.ac6.mcu.externaltools.arm-none.linux64_1.13.1.201703061524/tools/compiler/bin/../lib/gcc/arm-none-eabi/5.4.1/../../../../arm-none-eabi/lib/armv7e-m/fpu/libc_nano.a(lib_a-gdtoa-gethex.o)
                0x08006a5e                __gethex
 .text.L_shift  0x08006e9e       0x24 /home/giulio/INTECS/SystemWorkbench64/plugins/fr.ac6.mcu.externaltools.arm-none.linux64_1.13.1.201703061524/tools/compiler/bin/../lib/gcc/arm-none-eabi/5.4.1/../../../../arm-none-eabi/lib/armv7e-m/fpu/libc_nano.a(lib_a-gdtoa-hexnan.o)
 .text.__match  0x08006ec2       0x26 /home/giulio/INTECS/SystemWorkbench64/plugins/fr.ac6.mcu.externaltools.arm-none.linux64_1.13.1.201703061524/tools/compiler/bin/../lib/gcc/arm-none-eabi/5.4.1/../../../../arm-none-eabi/lib/armv7e-m/fpu/libc_nano.a(lib_a-gdtoa-hexnan.o)
                0x08006ec2                __match
 .text.__hexnan
                0x08006ee8      0x11c /home/giulio/INTECS/SystemWorkbench64/plugins/fr.ac6.mcu.externaltools.arm-none.linux64_1.13.1.201703061524/tools/compiler/bin/../lib/gcc/arm-none-eabi/5.4.1/../../../../arm-none-eabi/lib/armv7e-m/fpu/libc_nano.a(lib_a-gdtoa-hexnan.o)
                0x08006ee8                __hexnan
 .text.__localeconv_l
                0x08007004        0x4 /home/giulio/INTECS/SystemWorkbench64/plugins/fr.ac6.mcu.externaltools.arm-none.linux64_1.13.1.201703061524/tools/compiler/bin/../lib/gcc/arm-none-eabi/5.4.1/../../../../arm-none-eabi/lib/armv7e-m/fpu/libc_nano.a(lib_a-localeconv.o)
                0x08007004                __localeconv_l
 .text.__swhatbuf_r
                0x08007008       0x46 /home/giulio/INTECS/SystemWorkbench64/plugins/fr.ac6.mcu.externaltools.arm-none.linux64_1.13.1.201703061524/tools/compiler/bin/../lib/gcc/arm-none-eabi/5.4.1/../../../../arm-none-eabi/lib/armv7e-m/fpu/libc_nano.a(lib_a-makebuf.o)
                0x08007008                __swhatbuf_r
 *fill*         0x0800704e        0x2 
 .text.__smakebuf_r
                0x08007050       0x78 /home/giulio/INTECS/SystemWorkbench64/plugins/fr.ac6.mcu.externaltools.arm-none.linux64_1.13.1.201703061524/tools/compiler/bin/../lib/gcc/arm-none-eabi/5.4.1/../../../../arm-none-eabi/lib/armv7e-m/fpu/libc_nano.a(lib_a-makebuf.o)
                0x08007050                __smakebuf_r
 .text.malloc   0x080070c8       0x10 /home/giulio/INTECS/SystemWorkbench64/plugins/fr.ac6.mcu.externaltools.arm-none.linux64_1.13.1.201703061524/tools/compiler/bin/../lib/gcc/arm-none-eabi/5.4.1/../../../../arm-none-eabi/lib/armv7e-m/fpu/libc_nano.a(lib_a-malloc.o)
                0x080070c8                malloc
 .text._Balloc  0x080070d8       0x6a /home/giulio/INTECS/SystemWorkbench64/plugins/fr.ac6.mcu.externaltools.arm-none.linux64_1.13.1.201703061524/tools/compiler/bin/../lib/gcc/arm-none-eabi/5.4.1/../../../../arm-none-eabi/lib/armv7e-m/fpu/libc_nano.a(lib_a-mprec.o)
                0x080070d8                _Balloc
 .text._Bfree   0x08007142       0x2e /home/giulio/INTECS/SystemWorkbench64/plugins/fr.ac6.mcu.externaltools.arm-none.linux64_1.13.1.201703061524/tools/compiler/bin/../lib/gcc/arm-none-eabi/5.4.1/../../../../arm-none-eabi/lib/armv7e-m/fpu/libc_nano.a(lib_a-mprec.o)
                0x08007142                _Bfree
 .text.__multadd
                0x08007170       0x76 /home/giulio/INTECS/SystemWorkbench64/plugins/fr.ac6.mcu.externaltools.arm-none.linux64_1.13.1.201703061524/tools/compiler/bin/../lib/gcc/arm-none-eabi/5.4.1/../../../../arm-none-eabi/lib/armv7e-m/fpu/libc_nano.a(lib_a-mprec.o)
                0x08007170                __multadd
 .text.__s2b    0x080071e6       0x7c /home/giulio/INTECS/SystemWorkbench64/plugins/fr.ac6.mcu.externaltools.arm-none.linux64_1.13.1.201703061524/tools/compiler/bin/../lib/gcc/arm-none-eabi/5.4.1/../../../../arm-none-eabi/lib/armv7e-m/fpu/libc_nano.a(lib_a-mprec.o)
                0x080071e6                __s2b
 .text.__hi0bits
                0x08007262       0x40 /home/giulio/INTECS/SystemWorkbench64/plugins/fr.ac6.mcu.externaltools.arm-none.linux64_1.13.1.201703061524/tools/compiler/bin/../lib/gcc/arm-none-eabi/5.4.1/../../../../arm-none-eabi/lib/armv7e-m/fpu/libc_nano.a(lib_a-mprec.o)
                0x08007262                __hi0bits
 .text.__lo0bits
                0x080072a2       0x5a /home/giulio/INTECS/SystemWorkbench64/plugins/fr.ac6.mcu.externaltools.arm-none.linux64_1.13.1.201703061524/tools/compiler/bin/../lib/gcc/arm-none-eabi/5.4.1/../../../../arm-none-eabi/lib/armv7e-m/fpu/libc_nano.a(lib_a-mprec.o)
                0x080072a2                __lo0bits
 .text.__i2b    0x080072fc       0x12 /home/giulio/INTECS/SystemWorkbench64/plugins/fr.ac6.mcu.externaltools.arm-none.linux64_1.13.1.201703061524/tools/compiler/bin/../lib/gcc/arm-none-eabi/5.4.1/../../../../arm-none-eabi/lib/armv7e-m/fpu/libc_nano.a(lib_a-mprec.o)
                0x080072fc                __i2b
 .text.__multiply
                0x0800730e      0x122 /home/giulio/INTECS/SystemWorkbench64/plugins/fr.ac6.mcu.externaltools.arm-none.linux64_1.13.1.201703061524/tools/compiler/bin/../lib/gcc/arm-none-eabi/5.4.1/../../../../arm-none-eabi/lib/armv7e-m/fpu/libc_nano.a(lib_a-mprec.o)
                0x0800730e                __multiply
 .text.__pow5mult
                0x08007430       0x9c /home/giulio/INTECS/SystemWorkbench64/plugins/fr.ac6.mcu.externaltools.arm-none.linux64_1.13.1.201703061524/tools/compiler/bin/../lib/gcc/arm-none-eabi/5.4.1/../../../../arm-none-eabi/lib/armv7e-m/fpu/libc_nano.a(lib_a-mprec.o)
                0x08007430                __pow5mult
 .text.__lshift
                0x080074cc       0xa2 /home/giulio/INTECS/SystemWorkbench64/plugins/fr.ac6.mcu.externaltools.arm-none.linux64_1.13.1.201703061524/tools/compiler/bin/../lib/gcc/arm-none-eabi/5.4.1/../../../../arm-none-eabi/lib/armv7e-m/fpu/libc_nano.a(lib_a-mprec.o)
                0x080074cc                __lshift
 .text.__mcmp   0x0800756e       0x38 /home/giulio/INTECS/SystemWorkbench64/plugins/fr.ac6.mcu.externaltools.arm-none.linux64_1.13.1.201703061524/tools/compiler/bin/../lib/gcc/arm-none-eabi/5.4.1/../../../../arm-none-eabi/lib/armv7e-m/fpu/libc_nano.a(lib_a-mprec.o)
                0x0800756e                __mcmp
 .text.__mdiff  0x080075a6       0xbe /home/giulio/INTECS/SystemWorkbench64/plugins/fr.ac6.mcu.externaltools.arm-none.linux64_1.13.1.201703061524/tools/compiler/bin/../lib/gcc/arm-none-eabi/5.4.1/../../../../arm-none-eabi/lib/armv7e-m/fpu/libc_nano.a(lib_a-mprec.o)
                0x080075a6                __mdiff
 .text.__ulp    0x08007664       0x50 /home/giulio/INTECS/SystemWorkbench64/plugins/fr.ac6.mcu.externaltools.arm-none.linux64_1.13.1.201703061524/tools/compiler/bin/../lib/gcc/arm-none-eabi/5.4.1/../../../../arm-none-eabi/lib/armv7e-m/fpu/libc_nano.a(lib_a-mprec.o)
                0x08007664                __ulp
 .text.__b2d    0x080076b4       0x9a /home/giulio/INTECS/SystemWorkbench64/plugins/fr.ac6.mcu.externaltools.arm-none.linux64_1.13.1.201703061524/tools/compiler/bin/../lib/gcc/arm-none-eabi/5.4.1/../../../../arm-none-eabi/lib/armv7e-m/fpu/libc_nano.a(lib_a-mprec.o)
                0x080076b4                __b2d
 .text.__d2b    0x0800774e       0x9c /home/giulio/INTECS/SystemWorkbench64/plugins/fr.ac6.mcu.externaltools.arm-none.linux64_1.13.1.201703061524/tools/compiler/bin/../lib/gcc/arm-none-eabi/5.4.1/../../../../arm-none-eabi/lib/armv7e-m/fpu/libc_nano.a(lib_a-mprec.o)
                0x0800774e                __d2b
 .text.__ratio  0x080077ea       0x54 /home/giulio/INTECS/SystemWorkbench64/plugins/fr.ac6.mcu.externaltools.arm-none.linux64_1.13.1.201703061524/tools/compiler/bin/../lib/gcc/arm-none-eabi/5.4.1/../../../../arm-none-eabi/lib/armv7e-m/fpu/libc_nano.a(lib_a-mprec.o)
                0x080077ea                __ratio
 .text.__copybits
                0x0800783e       0x34 /home/giulio/INTECS/SystemWorkbench64/plugins/fr.ac6.mcu.externaltools.arm-none.linux64_1.13.1.201703061524/tools/compiler/bin/../lib/gcc/arm-none-eabi/5.4.1/../../../../arm-none-eabi/lib/armv7e-m/fpu/libc_nano.a(lib_a-mprec.o)
                0x0800783e                __copybits
 .text.__any_on
                0x08007872       0x44 /home/giulio/INTECS/SystemWorkbench64/plugins/fr.ac6.mcu.externaltools.arm-none.linux64_1.13.1.201703061524/tools/compiler/bin/../lib/gcc/arm-none-eabi/5.4.1/../../../../arm-none-eabi/lib/armv7e-m/fpu/libc_nano.a(lib_a-mprec.o)
                0x08007872                __any_on
 .text._calloc_r
                0x080078b6       0x1c /home/giulio/INTECS/SystemWorkbench64/plugins/fr.ac6.mcu.externaltools.arm-none.linux64_1.13.1.201703061524/tools/compiler/bin/../lib/gcc/arm-none-eabi/5.4.1/../../../../arm-none-eabi/lib/armv7e-m/fpu/libc_nano.a(lib_a-nano-callocr.o)
                0x080078b6                _calloc_r
 *fill*         0x080078d2        0x2 
 .text._free_r  0x080078d4       0x9c /home/giulio/INTECS/SystemWorkbench64/plugins/fr.ac6.mcu.externaltools.arm-none.linux64_1.13.1.201703061524/tools/compiler/bin/../lib/gcc/arm-none-eabi/5.4.1/../../../../arm-none-eabi/lib/armv7e-m/fpu/libc_nano.a(lib_a-nano-freer.o)
                0x080078d4                _free_r
 .text._malloc_r
                0x08007970       0xbc /home/giulio/INTECS/SystemWorkbench64/plugins/fr.ac6.mcu.externaltools.arm-none.linux64_1.13.1.201703061524/tools/compiler/bin/../lib/gcc/arm-none-eabi/5.4.1/../../../../arm-none-eabi/lib/armv7e-m/fpu/libc_nano.a(lib_a-nano-mallocr.o)
                0x08007970                _malloc_r
 .text.__ssputs_r
                0x08007a2c       0xb2 /home/giulio/INTECS/SystemWorkbench64/plugins/fr.ac6.mcu.externaltools.arm-none.linux64_1.13.1.201703061524/tools/compiler/bin/../lib/gcc/arm-none-eabi/5.4.1/../../../../arm-none-eabi/lib/armv7e-m/fpu/libc_nano.a(lib_a-nano-svfprintf.o)
                0x08007a2c                __ssputs_r
 *fill*         0x08007ade        0x2 
 .text._svfprintf_r
                0x08007ae0      0x1e8 /home/giulio/INTECS/SystemWorkbench64/plugins/fr.ac6.mcu.externaltools.arm-none.linux64_1.13.1.201703061524/tools/compiler/bin/../lib/gcc/arm-none-eabi/5.4.1/../../../../arm-none-eabi/lib/armv7e-m/fpu/libc_nano.a(lib_a-nano-svfprintf.o)
                0x08007ae0                _svfprintf_r
                0x08007ae0                _svfiprintf_r
 .text.__sfputc_r
                0x08007cc8       0x30 /home/giulio/INTECS/SystemWorkbench64/plugins/fr.ac6.mcu.externaltools.arm-none.linux64_1.13.1.201703061524/tools/compiler/bin/../lib/gcc/arm-none-eabi/5.4.1/../../../../arm-none-eabi/lib/armv7e-m/fpu/libc_nano.a(lib_a-nano-vfprintf.o)
 .text.__sfputs_r
                0x08007cf8       0x24 /home/giulio/INTECS/SystemWorkbench64/plugins/fr.ac6.mcu.externaltools.arm-none.linux64_1.13.1.201703061524/tools/compiler/bin/../lib/gcc/arm-none-eabi/5.4.1/../../../../arm-none-eabi/lib/armv7e-m/fpu/libc_nano.a(lib_a-nano-vfprintf.o)
                0x08007cf8                __sfputs_r
 .text._vfprintf_r
                0x08007d1c      0x238 /home/giulio/INTECS/SystemWorkbench64/plugins/fr.ac6.mcu.externaltools.arm-none.linux64_1.13.1.201703061524/tools/compiler/bin/../lib/gcc/arm-none-eabi/5.4.1/../../../../arm-none-eabi/lib/armv7e-m/fpu/libc_nano.a(lib_a-nano-vfprintf.o)
                0x08007d1c                _vfiprintf_r
                0x08007d1c                _vfprintf_r
 .text._printf_common
                0x08007f54       0xec /home/giulio/INTECS/SystemWorkbench64/plugins/fr.ac6.mcu.externaltools.arm-none.linux64_1.13.1.201703061524/tools/compiler/bin/../lib/gcc/arm-none-eabi/5.4.1/../../../../arm-none-eabi/lib/armv7e-m/fpu/libc_nano.a(lib_a-nano-vfprintf_i.o)
                0x08007f54                _printf_common
 .text._printf_i
                0x08008040      0x24c /home/giulio/INTECS/SystemWorkbench64/plugins/fr.ac6.mcu.externaltools.arm-none.linux64_1.13.1.201703061524/tools/compiler/bin/../lib/gcc/arm-none-eabi/5.4.1/../../../../arm-none-eabi/lib/armv7e-m/fpu/libc_nano.a(lib_a-nano-vfprintf_i.o)
                0x08008040                _printf_i
 .text._sbrk_r  0x0800828c       0x20 /home/giulio/INTECS/SystemWorkbench64/plugins/fr.ac6.mcu.externaltools.arm-none.linux64_1.13.1.201703061524/tools/compiler/bin/../lib/gcc/arm-none-eabi/5.4.1/../../../../arm-none-eabi/lib/armv7e-m/fpu/libc_nano.a(lib_a-sbrkr.o)
                0x0800828c                _sbrk_r
 .text.nanf     0x080082ac        0xc /home/giulio/INTECS/SystemWorkbench64/plugins/fr.ac6.mcu.externaltools.arm-none.linux64_1.13.1.201703061524/tools/compiler/bin/../lib/gcc/arm-none-eabi/5.4.1/../../../../arm-none-eabi/lib/armv7e-m/fpu/libc_nano.a(lib_a-sf_nan.o)
                0x080082ac                nanf
 .text.__sread  0x080082b8       0x22 /home/giulio/INTECS/SystemWorkbench64/plugins/fr.ac6.mcu.externaltools.arm-none.linux64_1.13.1.201703061524/tools/compiler/bin/../lib/gcc/arm-none-eabi/5.4.1/../../../../arm-none-eabi/lib/armv7e-m/fpu/libc_nano.a(lib_a-stdio.o)
                0x080082b8                __sread
 .text.__swrite
                0x080082da       0x38 /home/giulio/INTECS/SystemWorkbench64/plugins/fr.ac6.mcu.externaltools.arm-none.linux64_1.13.1.201703061524/tools/compiler/bin/../lib/gcc/arm-none-eabi/5.4.1/../../../../arm-none-eabi/lib/armv7e-m/fpu/libc_nano.a(lib_a-stdio.o)
                0x080082da                __swrite
 .text.__sseek  0x08008312       0x24 /home/giulio/INTECS/SystemWorkbench64/plugins/fr.ac6.mcu.externaltools.arm-none.linux64_1.13.1.201703061524/tools/compiler/bin/../lib/gcc/arm-none-eabi/5.4.1/../../../../arm-none-eabi/lib/armv7e-m/fpu/libc_nano.a(lib_a-stdio.o)
                0x08008312                __sseek
 .text.__sclose
                0x08008336        0x8 /home/giulio/INTECS/SystemWorkbench64/plugins/fr.ac6.mcu.externaltools.arm-none.linux64_1.13.1.201703061524/tools/compiler/bin/../lib/gcc/arm-none-eabi/5.4.1/../../../../arm-none-eabi/lib/armv7e-m/fpu/libc_nano.a(lib_a-stdio.o)
                0x08008336                __sclose
 .text.strncmp  0x0800833e       0x2a /home/giulio/INTECS/SystemWorkbench64/plugins/fr.ac6.mcu.externaltools.arm-none.linux64_1.13.1.201703061524/tools/compiler/bin/../lib/gcc/arm-none-eabi/5.4.1/../../../../arm-none-eabi/lib/armv7e-m/fpu/libc_nano.a(lib_a-strncmp.o)
                0x0800833e                strncmp
 .text._write_r
                0x08008368       0x24 /home/giulio/INTECS/SystemWorkbench64/plugins/fr.ac6.mcu.externaltools.arm-none.linux64_1.13.1.201703061524/tools/compiler/bin/../lib/gcc/arm-none-eabi/5.4.1/../../../../arm-none-eabi/lib/armv7e-m/fpu/libc_nano.a(lib_a-writer.o)
                0x08008368                _write_r
 .text._close_r
                0x0800838c       0x20 /home/giulio/INTECS/SystemWorkbench64/plugins/fr.ac6.mcu.externaltools.arm-none.linux64_1.13.1.201703061524/tools/compiler/bin/../lib/gcc/arm-none-eabi/5.4.1/../../../../arm-none-eabi/lib/armv7e-m/fpu/libc_nano.a(lib_a-closer.o)
                0x0800838c                _close_r
 .text._fstat_r
                0x080083ac       0x24 /home/giulio/INTECS/SystemWorkbench64/plugins/fr.ac6.mcu.externaltools.arm-none.linux64_1.13.1.201703061524/tools/compiler/bin/../lib/gcc/arm-none-eabi/5.4.1/../../../../arm-none-eabi/lib/armv7e-m/fpu/libc_nano.a(lib_a-fstatr.o)
                0x080083ac                _fstat_r
 .text._isatty_r
                0x080083d0       0x20 /home/giulio/INTECS/SystemWorkbench64/plugins/fr.ac6.mcu.externaltools.arm-none.linux64_1.13.1.201703061524/tools/compiler/bin/../lib/gcc/arm-none-eabi/5.4.1/../../../../arm-none-eabi/lib/armv7e-m/fpu/libc_nano.a(lib_a-isattyr.o)
                0x080083d0                _isatty_r
 .text._lseek_r
                0x080083f0       0x24 /home/giulio/INTECS/SystemWorkbench64/plugins/fr.ac6.mcu.externaltools.arm-none.linux64_1.13.1.201703061524/tools/compiler/bin/../lib/gcc/arm-none-eabi/5.4.1/../../../../arm-none-eabi/lib/armv7e-m/fpu/libc_nano.a(lib_a-lseekr.o)
                0x080083f0                _lseek_r
 .text.memmove  0x08008414       0x36 /home/giulio/INTECS/SystemWorkbench64/plugins/fr.ac6.mcu.externaltools.arm-none.linux64_1.13.1.201703061524/tools/compiler/bin/../lib/gcc/arm-none-eabi/5.4.1/../../../../arm-none-eabi/lib/armv7e-m/fpu/libc_nano.a(lib_a-memmove.o)
                0x08008414                memmove
 .text.__malloc_lock
                0x0800844a        0x2 /home/giulio/INTECS/SystemWorkbench64/plugins/fr.ac6.mcu.externaltools.arm-none.linux64_1.13.1.201703061524/tools/compiler/bin/../lib/gcc/arm-none-eabi/5.4.1/../../../../arm-none-eabi/lib/armv7e-m/fpu/libc_nano.a(lib_a-mlock.o)
                0x0800844a                __malloc_lock
 .text.__malloc_unlock
                0x0800844c        0x2 /home/giulio/INTECS/SystemWorkbench64/plugins/fr.ac6.mcu.externaltools.arm-none.linux64_1.13.1.201703061524/tools/compiler/bin/../lib/gcc/arm-none-eabi/5.4.1/../../../../arm-none-eabi/lib/armv7e-m/fpu/libc_nano.a(lib_a-mlock.o)
                0x0800844c                __malloc_unlock
 .text._realloc_r
                0x0800844e       0x4c /home/giulio/INTECS/SystemWorkbench64/plugins/fr.ac6.mcu.externaltools.arm-none.linux64_1.13.1.201703061524/tools/compiler/bin/../lib/gcc/arm-none-eabi/5.4.1/../../../../arm-none-eabi/lib/armv7e-m/fpu/libc_nano.a(lib_a-nano-reallocr.o)
                0x0800844e                _realloc_r
 *fill*         0x0800849a        0x2 
 .text._read_r  0x0800849c       0x24 /home/giulio/INTECS/SystemWorkbench64/plugins/fr.ac6.mcu.externaltools.arm-none.linux64_1.13.1.201703061524/tools/compiler/bin/../lib/gcc/arm-none-eabi/5.4.1/../../../../arm-none-eabi/lib/armv7e-m/fpu/libc_nano.a(lib_a-readr.o)
                0x0800849c                _read_r
 .text._malloc_usable_size_r
                0x080084c0       0x14 /home/giulio/INTECS/SystemWorkbench64/plugins/fr.ac6.mcu.externaltools.arm-none.linux64_1.13.1.201703061524/tools/compiler/bin/../lib/gcc/arm-none-eabi/5.4.1/../../../../arm-none-eabi/lib/armv7e-m/fpu/libc_nano.a(lib_a-nano-msizer.o)
                0x080084c0                _malloc_usable_size_r
 *(.glue_7)
 .glue_7        0x080084d4        0x0 linker stubs
 *(.glue_7t)
 .glue_7t       0x080084d4        0x0 linker stubs
 *(.eh_frame)
 .eh_frame      0x080084d4        0x0 /home/giulio/INTECS/SystemWorkbench64/plugins/fr.ac6.mcu.externaltools.arm-none.linux64_1.13.1.201703061524/tools/compiler/bin/../lib/gcc/arm-none-eabi/5.4.1/armv7e-m/fpu/crtbegin.o
 *(.init)
 .init          0x080084d4        0x4 /home/giulio/INTECS/SystemWorkbench64/plugins/fr.ac6.mcu.externaltools.arm-none.linux64_1.13.1.201703061524/tools/compiler/bin/../lib/gcc/arm-none-eabi/5.4.1/armv7e-m/fpu/crti.o
                0x080084d4                _init
 .init          0x080084d8        0x8 /home/giulio/INTECS/SystemWorkbench64/plugins/fr.ac6.mcu.externaltools.arm-none.linux64_1.13.1.201703061524/tools/compiler/bin/../lib/gcc/arm-none-eabi/5.4.1/armv7e-m/fpu/crtn.o
 *(.fini)
 .fini          0x080084e0        0x4 /home/giulio/INTECS/SystemWorkbench64/plugins/fr.ac6.mcu.externaltools.arm-none.linux64_1.13.1.201703061524/tools/compiler/bin/../lib/gcc/arm-none-eabi/5.4.1/armv7e-m/fpu/crti.o
                0x080084e0                _fini
 .fini          0x080084e4        0x8 /home/giulio/INTECS/SystemWorkbench64/plugins/fr.ac6.mcu.externaltools.arm-none.linux64_1.13.1.201703061524/tools/compiler/bin/../lib/gcc/arm-none-eabi/5.4.1/armv7e-m/fpu/crtn.o
                0x080084f0                . = ALIGN (0x8)
 *fill*         0x080084ec        0x4 
                0x080084f0                _etext = .

.vfp11_veneer   0x080084f0        0x0
 .vfp11_veneer  0x080084f0        0x0 linker stubs

.v4_bx          0x080084f0        0x0
 .v4_bx         0x080084f0        0x0 linker stubs

.iplt           0x080084f0        0x0
 .iplt          0x080084f0        0x0 /home/giulio/INTECS/SystemWorkbench64/plugins/fr.ac6.mcu.externaltools.arm-none.linux64_1.13.1.201703061524/tools/compiler/bin/../lib/gcc/arm-none-eabi/5.4.1/armv7e-m/fpu/crtbegin.o

.rodata         0x080084f0      0xc20
                0x080084f0                . = ALIGN (0x8)
 *(.rodata)
 .rodata        0x080084f0       0x11 Drivers/STM32L4xx_HAL_Driver/Src/stm32l4xx_hal_uart.o
 *fill*         0x08008501        0x3 
 .rodata        0x08008504       0x48 Src/system_stm32l4xx.o
                0x08008504                MSIRangeTable
                0x08008534                AHBPrescTable
                0x08008544                APBPrescTable
 *(.rodata*)
 .rodata.str1.1
                0x0800854c      0x59d Src/main.o
                                0x61c (size before relaxing)
 .rodata.str1.1
                0x08008ae9      0x118 Src/gps/gps_handler.o
 .rodata.str1.1
                0x08008c01       0x84 Src/gps/minmea.o
                                 0x8b (size before relaxing)
 .rodata.str1.1
                0x08008c85       0xc1 Src/temperature/temperature_handler.o
 .rodata.str1.1
                0x08008d46       0xc7 Src/water-level/waterlevel_handler.o
 *fill*         0x08008e0d        0x3 
 .rodata._global_impure_ptr
                0x08008e10        0x4 /home/giulio/INTECS/SystemWorkbench64/plugins/fr.ac6.mcu.externaltools.arm-none.linux64_1.13.1.201703061524/tools/compiler/bin/../lib/gcc/arm-none-eabi/5.4.1/../../../../arm-none-eabi/lib/armv7e-m/fpu/libc_nano.a(lib_a-impure.o)
                0x08008e10                _global_impure_ptr
 .rodata.str1.1
                0x08008e14        0x8 /home/giulio/INTECS/SystemWorkbench64/plugins/fr.ac6.mcu.externaltools.arm-none.linux64_1.13.1.201703061524/tools/compiler/bin/../lib/gcc/arm-none-eabi/5.4.1/../../../../arm-none-eabi/lib/armv7e-m/fpu/libc_nano.a(lib_a-locale.o)
                                  0xb (size before relaxing)
 .rodata.fpi.6181
                0x08008e1c       0x14 /home/giulio/INTECS/SystemWorkbench64/plugins/fr.ac6.mcu.externaltools.arm-none.linux64_1.13.1.201703061524/tools/compiler/bin/../lib/gcc/arm-none-eabi/5.4.1/../../../../arm-none-eabi/lib/armv7e-m/fpu/libc_nano.a(lib_a-strtod.o)
 .rodata.str1.1
                0x08008e30        0xc /home/giulio/INTECS/SystemWorkbench64/plugins/fr.ac6.mcu.externaltools.arm-none.linux64_1.13.1.201703061524/tools/compiler/bin/../lib/gcc/arm-none-eabi/5.4.1/../../../../arm-none-eabi/lib/armv7e-m/fpu/libc_nano.a(lib_a-strtod.o)
 *fill*         0x08008e3c        0x4 
 .rodata.tinytens
                0x08008e40       0x28 /home/giulio/INTECS/SystemWorkbench64/plugins/fr.ac6.mcu.externaltools.arm-none.linux64_1.13.1.201703061524/tools/compiler/bin/../lib/gcc/arm-none-eabi/5.4.1/../../../../arm-none-eabi/lib/armv7e-m/fpu/libc_nano.a(lib_a-strtod.o)
 .rodata.fpinan.6217
                0x08008e68       0x14 /home/giulio/INTECS/SystemWorkbench64/plugins/fr.ac6.mcu.externaltools.arm-none.linux64_1.13.1.201703061524/tools/compiler/bin/../lib/gcc/arm-none-eabi/5.4.1/../../../../arm-none-eabi/lib/armv7e-m/fpu/libc_nano.a(lib_a-strtod.o)
 .rodata._ctype_
                0x08008e7c      0x101 /home/giulio/INTECS/SystemWorkbench64/plugins/fr.ac6.mcu.externaltools.arm-none.linux64_1.13.1.201703061524/tools/compiler/bin/../lib/gcc/arm-none-eabi/5.4.1/../../../../arm-none-eabi/lib/armv7e-m/fpu/libc_nano.a(lib_a-ctype_.o)
                0x08008e7c                _ctype_
 *fill*         0x08008f7d        0x3 
 .rodata.__sf_fake_stdin
                0x08008f80       0x20 /home/giulio/INTECS/SystemWorkbench64/plugins/fr.ac6.mcu.externaltools.arm-none.linux64_1.13.1.201703061524/tools/compiler/bin/../lib/gcc/arm-none-eabi/5.4.1/../../../../arm-none-eabi/lib/armv7e-m/fpu/libc_nano.a(lib_a-findfp.o)
                0x08008f80                __sf_fake_stdin
 .rodata.__sf_fake_stdout
                0x08008fa0       0x20 /home/giulio/INTECS/SystemWorkbench64/plugins/fr.ac6.mcu.externaltools.arm-none.linux64_1.13.1.201703061524/tools/compiler/bin/../lib/gcc/arm-none-eabi/5.4.1/../../../../arm-none-eabi/lib/armv7e-m/fpu/libc_nano.a(lib_a-findfp.o)
                0x08008fa0                __sf_fake_stdout
 .rodata.__sf_fake_stderr
                0x08008fc0       0x20 /home/giulio/INTECS/SystemWorkbench64/plugins/fr.ac6.mcu.externaltools.arm-none.linux64_1.13.1.201703061524/tools/compiler/bin/../lib/gcc/arm-none-eabi/5.4.1/../../../../arm-none-eabi/lib/armv7e-m/fpu/libc_nano.a(lib_a-findfp.o)
                0x08008fc0                __sf_fake_stderr
 .rodata.__mprec_tens
                0x08008fe0       0xc8 /home/giulio/INTECS/SystemWorkbench64/plugins/fr.ac6.mcu.externaltools.arm-none.linux64_1.13.1.201703061524/tools/compiler/bin/../lib/gcc/arm-none-eabi/5.4.1/../../../../arm-none-eabi/lib/armv7e-m/fpu/libc_nano.a(lib_a-mprec.o)
                0x08008fe0                __mprec_tens
 .rodata.__mprec_bigtens
                0x080090a8       0x28 /home/giulio/INTECS/SystemWorkbench64/plugins/fr.ac6.mcu.externaltools.arm-none.linux64_1.13.1.201703061524/tools/compiler/bin/../lib/gcc/arm-none-eabi/5.4.1/../../../../arm-none-eabi/lib/armv7e-m/fpu/libc_nano.a(lib_a-mprec.o)
                0x080090a8                __mprec_bigtens
 .rodata.p05.6099
                0x080090d0        0xc /home/giulio/INTECS/SystemWorkbench64/plugins/fr.ac6.mcu.externaltools.arm-none.linux64_1.13.1.201703061524/tools/compiler/bin/../lib/gcc/arm-none-eabi/5.4.1/../../../../arm-none-eabi/lib/armv7e-m/fpu/libc_nano.a(lib_a-mprec.o)
 .rodata.str1.1
                0x080090dc       0x11 /home/giulio/INTECS/SystemWorkbench64/plugins/fr.ac6.mcu.externaltools.arm-none.linux64_1.13.1.201703061524/tools/compiler/bin/../lib/gcc/arm-none-eabi/5.4.1/../../../../arm-none-eabi/lib/armv7e-m/fpu/libc_nano.a(lib_a-nano-svfprintf.o)
 .rodata.str1.1
                0x080090ed       0x11 /home/giulio/INTECS/SystemWorkbench64/plugins/fr.ac6.mcu.externaltools.arm-none.linux64_1.13.1.201703061524/tools/compiler/bin/../lib/gcc/arm-none-eabi/5.4.1/../../../../arm-none-eabi/lib/armv7e-m/fpu/libc_nano.a(lib_a-nano-vfprintf.o)
 .rodata.str1.1
                0x080090ed       0x22 /home/giulio/INTECS/SystemWorkbench64/plugins/fr.ac6.mcu.externaltools.arm-none.linux64_1.13.1.201703061524/tools/compiler/bin/../lib/gcc/arm-none-eabi/5.4.1/../../../../arm-none-eabi/lib/armv7e-m/fpu/libc_nano.a(lib_a-nano-vfprintf_i.o)
                0x08009110                . = ALIGN (0x8)
 *fill*         0x0800910f        0x1 

.ARM.extab      0x08009110        0x0
                0x08009110                . = ALIGN (0x8)
 *(.ARM.extab* .gnu.linkonce.armextab.*)
                0x08009110                . = ALIGN (0x8)

.ARM            0x08009110        0x8
                0x08009110                . = ALIGN (0x8)
                0x08009110                __exidx_start = .
 *(.ARM.exidx*)
 .ARM.exidx     0x08009110        0x8 /home/giulio/INTECS/SystemWorkbench64/plugins/fr.ac6.mcu.externaltools.arm-none.linux64_1.13.1.201703061524/tools/compiler/bin/../lib/gcc/arm-none-eabi/5.4.1/armv7e-m/fpu/libgcc.a(_udivmoddi4.o)
                0x08009118                __exidx_end = .
                0x08009118                . = ALIGN (0x8)

.rel.dyn        0x08009118        0x0
 .rel.iplt      0x08009118        0x0 /home/giulio/INTECS/SystemWorkbench64/plugins/fr.ac6.mcu.externaltools.arm-none.linux64_1.13.1.201703061524/tools/compiler/bin/../lib/gcc/arm-none-eabi/5.4.1/armv7e-m/fpu/crtbegin.o

.preinit_array  0x08009118        0x0
                0x08009118                . = ALIGN (0x8)
                0x08009118                PROVIDE (__preinit_array_start, .)
 *(.preinit_array*)
                0x08009118                PROVIDE (__preinit_array_end, .)
                0x08009118                . = ALIGN (0x8)

.init_array     0x08009118        0x8
                0x08009118                . = ALIGN (0x8)
                0x08009118                PROVIDE (__init_array_start, .)
 *(SORT(.init_array.*))
 *(.init_array*)
 .init_array    0x08009118        0x4 /home/giulio/INTECS/SystemWorkbench64/plugins/fr.ac6.mcu.externaltools.arm-none.linux64_1.13.1.201703061524/tools/compiler/bin/../lib/gcc/arm-none-eabi/5.4.1/armv7e-m/fpu/crtbegin.o
                0x0800911c                PROVIDE (__init_array_end, .)
                0x08009120                . = ALIGN (0x8)
 *fill*         0x0800911c        0x4 

.fini_array     0x08009120        0x8
                0x08009120                . = ALIGN (0x8)
                [!provide]                PROVIDE (__fini_array_start, .)
 *(SORT(.fini_array.*))
 *(.fini_array*)
 .fini_array    0x08009120        0x4 /home/giulio/INTECS/SystemWorkbench64/plugins/fr.ac6.mcu.externaltools.arm-none.linux64_1.13.1.201703061524/tools/compiler/bin/../lib/gcc/arm-none-eabi/5.4.1/armv7e-m/fpu/crtbegin.o
                [!provide]                PROVIDE (__fini_array_end, .)
                0x08009128                . = ALIGN (0x8)
 *fill*         0x08009124        0x4 
                0x08009128                _sidata = LOADADDR (.data)

.data           0x20000000      0x1d8 load address 0x08009128
                0x20000000                . = ALIGN (0x8)
                0x20000000                _sdata = .
 *(.data)
 .data          0x20000000        0x4 Src/system_stm32l4xx.o
                0x20000000                SystemCoreClock
 *(.data*)
 .data.impure_data
                0x20000004       0x60 /home/giulio/INTECS/SystemWorkbench64/plugins/fr.ac6.mcu.externaltools.arm-none.linux64_1.13.1.201703061524/tools/compiler/bin/../lib/gcc/arm-none-eabi/5.4.1/../../../../arm-none-eabi/lib/armv7e-m/fpu/libc_nano.a(lib_a-impure.o)
 .data._impure_ptr
                0x20000064        0x4 /home/giulio/INTECS/SystemWorkbench64/plugins/fr.ac6.mcu.externaltools.arm-none.linux64_1.13.1.201703061524/tools/compiler/bin/../lib/gcc/arm-none-eabi/5.4.1/../../../../arm-none-eabi/lib/armv7e-m/fpu/libc_nano.a(lib_a-impure.o)
                0x20000064                _impure_ptr
 .data.__global_locale
                0x20000068      0x16c /home/giulio/INTECS/SystemWorkbench64/plugins/fr.ac6.mcu.externaltools.arm-none.linux64_1.13.1.201703061524/tools/compiler/bin/../lib/gcc/arm-none-eabi/5.4.1/../../../../arm-none-eabi/lib/armv7e-m/fpu/libc_nano.a(lib_a-locale.o)
                0x20000068                __global_locale
                0x200001d8                . = ALIGN (0x8)
 *fill*         0x200001d4        0x4 
                0x200001d8                _edata = .

.jcr            0x200001d8        0x0 load address 0x08009300
 .jcr           0x200001d8        0x0 /home/giulio/INTECS/SystemWorkbench64/plugins/fr.ac6.mcu.externaltools.arm-none.linux64_1.13.1.201703061524/tools/compiler/bin/../lib/gcc/arm-none-eabi/5.4.1/armv7e-m/fpu/crtbegin.o

.igot.plt       0x200001d8        0x0 load address 0x08009300
 .igot.plt      0x200001d8        0x0 /home/giulio/INTECS/SystemWorkbench64/plugins/fr.ac6.mcu.externaltools.arm-none.linux64_1.13.1.201703061524/tools/compiler/bin/../lib/gcc/arm-none-eabi/5.4.1/armv7e-m/fpu/crtbegin.o
                0x200001d8                . = ALIGN (0x4)

.bss            0x200001d8     0x23f0 load address 0x08009300
                0x200001d8                _sbss = .
                0x200001d8                __bss_start__ = _sbss
 *(.bss)
 .bss           0x200001d8       0x1c /home/giulio/INTECS/SystemWorkbench64/plugins/fr.ac6.mcu.externaltools.arm-none.linux64_1.13.1.201703061524/tools/compiler/bin/../lib/gcc/arm-none-eabi/5.4.1/armv7e-m/fpu/crtbegin.o
 .bss           0x200001f4        0x8 Inc/syscalls.o
                0x200001f8                __env
 .bss           0x200001fc        0x1 Src/main.o
                0x200001fc                interrupt_flag
 *(.bss*)
 *fill*         0x200001fd        0x3 
 .bss.__malloc_sbrk_start
                0x20000200        0x4 /home/giulio/INTECS/SystemWorkbench64/plugins/fr.ac6.mcu.externaltools.arm-none.linux64_1.13.1.201703061524/tools/compiler/bin/../lib/gcc/arm-none-eabi/5.4.1/../../../../arm-none-eabi/lib/armv7e-m/fpu/libc_nano.a(lib_a-nano-mallocr.o)
                0x20000200                __malloc_sbrk_start
 .bss.__malloc_free_list
                0x20000204        0x4 /home/giulio/INTECS/SystemWorkbench64/plugins/fr.ac6.mcu.externaltools.arm-none.linux64_1.13.1.201703061524/tools/compiler/bin/../lib/gcc/arm-none-eabi/5.4.1/../../../../arm-none-eabi/lib/armv7e-m/fpu/libc_nano.a(lib_a-nano-mallocr.o)
                0x20000204                __malloc_free_list
 *(COMMON)
 COMMON         0x20000208        0x4 Drivers/STM32L4xx_HAL_Driver/Src/stm32l4xx_hal.o
                0x20000208                uwTick
 COMMON         0x2000020c     0x2299 Src/main.o
                0x2000020c                TEMPERATURE_MAX_THRESHOLD
                0x20000210                TEMPERATURE_ALARM_MAX_THRESHOLD_REACHED
                0x20000214                WATERLEVEL
                0x20000218                temperature_value
                0x2000021c                gps_buffrx
                0x2000221c                temperature_device
                0x20002224                TEMPERATURE_ALARM_MIN_THRESHOLD_REACHED
                0x20002228                last_valid_nmea_sentences
                0x200023e8                WATERTANK_HEIGHT
                0x200023ec                gps_c
                0x200023ed                buff
                0x20002430                TEMPERATURE_MIN_THRESHOLD
                0x20002434                HCSR04
                0x20002448                OneWire1
                0x2000245c                SAMPLING_PERIOD
                0x20002460                WATERLEVEL_MAX_THRESHOLD
                0x20002464                NMEA_MESSAGE_ARRIVED
                0x20002468                gps_timeoutcounter
                0x2000246c                WATERLEVEL_MIN_THRESHOLD
                0x20002470                gps_p
                0x20002474                TEMPERATURE_MODULE_ON
                0x20002475                WATERLEVEL_MODULE_ON
                0x20002476                WATERLEVEL_ALARM_MAX_THRESHOLD_REACHED
                0x20002477                GPS_MODULE_ON
                0x20002478                nmea_preserved_data
                0x200024a4                WATERLEVEL_ALARM_MIN_THRESHOLD_REACHED
 *fill*         0x200024a5        0x3 
 COMMON         0x200024a8       0x3c Src/tim.o
                0x200024a8                htim6
 COMMON         0x200024e4       0xe0 Src/usart.o
                0x200024e4                huart1
                0x20002554                huart2
 COMMON         0x200025c4        0x4 /home/giulio/INTECS/SystemWorkbench64/plugins/fr.ac6.mcu.externaltools.arm-none.linux64_1.13.1.201703061524/tools/compiler/bin/../lib/gcc/arm-none-eabi/5.4.1/../../../../arm-none-eabi/lib/armv7e-m/fpu/libc_nano.a(lib_a-reent.o)
                0x200025c4                errno
                0x200025c8                . = ALIGN (0x4)
                0x200025c8                _ebss = .
                0x200025c8                __bss_end__ = _ebss

._user_heap_stack
                0x200025c8      0x600 load address 0x08009300
                0x200025c8                . = ALIGN (0x8)
                0x200025c8                PROVIDE (end, .)
                [!provide]                PROVIDE (_end, .)
                0x200027c8                . = (. + _Min_Heap_Size)
 *fill*         0x200025c8      0x200 
                0x20002bc8                . = (. + _Min_Stack_Size)
 *fill*         0x200027c8      0x400 
                0x20002bc8                . = ALIGN (0x8)

/DISCARD/
 libc.a(*)
 libm.a(*)
 libgcc.a(*)

.ARM.attributes
                0x00000000       0x30
 *(.ARM.attributes)
 .ARM.attributes
                0x00000000       0x22 /home/giulio/INTECS/SystemWorkbench64/plugins/fr.ac6.mcu.externaltools.arm-none.linux64_1.13.1.201703061524/tools/compiler/bin/../lib/gcc/arm-none-eabi/5.4.1/armv7e-m/fpu/crti.o
 .ARM.attributes
                0x00000022       0x34 /home/giulio/INTECS/SystemWorkbench64/plugins/fr.ac6.mcu.externaltools.arm-none.linux64_1.13.1.201703061524/tools/compiler/bin/../lib/gcc/arm-none-eabi/5.4.1/armv7e-m/fpu/crtbegin.o
 .ARM.attributes
                0x00000056       0x39 Drivers/STM32L4xx_HAL_Driver/Src/stm32l4xx_hal.o
 .ARM.attributes
                0x0000008f       0x39 Drivers/STM32L4xx_HAL_Driver/Src/stm32l4xx_hal_cortex.o
 .ARM.attributes
                0x000000c8       0x39 Drivers/STM32L4xx_HAL_Driver/Src/stm32l4xx_hal_dma.o
 .ARM.attributes
                0x00000101       0x39 Drivers/STM32L4xx_HAL_Driver/Src/stm32l4xx_hal_gpio.o
 .ARM.attributes
                0x0000013a       0x39 Drivers/STM32L4xx_HAL_Driver/Src/stm32l4xx_hal_pwr_ex.o
 .ARM.attributes
                0x00000173       0x39 Drivers/STM32L4xx_HAL_Driver/Src/stm32l4xx_hal_rcc.o
 .ARM.attributes
                0x000001ac       0x39 Drivers/STM32L4xx_HAL_Driver/Src/stm32l4xx_hal_rcc_ex.o
 .ARM.attributes
                0x000001e5       0x39 Drivers/STM32L4xx_HAL_Driver/Src/stm32l4xx_hal_tim.o
 .ARM.attributes
                0x0000021e       0x39 Drivers/STM32L4xx_HAL_Driver/Src/stm32l4xx_hal_tim_ex.o
 .ARM.attributes
                0x00000257       0x39 Drivers/STM32L4xx_HAL_Driver/Src/stm32l4xx_hal_uart.o
 .ARM.attributes
                0x00000290       0x39 Drivers/STM32L4xx_HAL_Driver/Src/stm32l4xx_hal_uart_ex.o
 .ARM.attributes
                0x000002c9       0x39 Inc/syscalls.o
 .ARM.attributes
                0x00000302       0x39 Src/gpio.o
 .ARM.attributes
                0x0000033b       0x39 Src/main.o
 .ARM.attributes
                0x00000374       0x39 Src/stm32l4xx_hal_msp.o
 .ARM.attributes
                0x000003ad       0x39 Src/stm32l4xx_it.o
 .ARM.attributes
                0x000003e6       0x39 Src/system_stm32l4xx.o
 .ARM.attributes
                0x0000041f       0x39 Src/tim.o
 .ARM.attributes
                0x00000458       0x39 Src/usart.o
 .ARM.attributes
                0x00000491       0x39 Src/gps/gps_handler.o
 .ARM.attributes
                0x000004ca       0x39 Src/gps/minmea.o
 .ARM.attributes
                0x00000503       0x39 Src/temperature/temperature_handler.o
 .ARM.attributes
                0x0000053c       0x39 Src/temperature/tm_stm32f4_ds18b20.o
 .ARM.attributes
                0x00000575       0x39 Src/temperature/tm_stm32f4_onewire.o
 .ARM.attributes
                0x000005ae       0x39 Src/water-level/tm_stm32f4_hcsr04.o
 .ARM.attributes
                0x000005e7       0x39 Src/water-level/waterlevel_handler.o
 .ARM.attributes
                0x00000620       0x21 startup/startup_stm32l476xx.o
 .ARM.attributes
                0x00000641       0x22 /home/giulio/INTECS/SystemWorkbench64/plugins/fr.ac6.mcu.externaltools.arm-none.linux64_1.13.1.201703061524/tools/compiler/bin/../lib/gcc/arm-none-eabi/5.4.1/armv7e-m/fpu/libgcc.a(_aeabi_uldivmod.o)
 .ARM.attributes
                0x00000663       0x34 /home/giulio/INTECS/SystemWorkbench64/plugins/fr.ac6.mcu.externaltools.arm-none.linux64_1.13.1.201703061524/tools/compiler/bin/../lib/gcc/arm-none-eabi/5.4.1/armv7e-m/fpu/libgcc.a(_udivmoddi4.o)
 .ARM.attributes
                0x00000697       0x22 /home/giulio/INTECS/SystemWorkbench64/plugins/fr.ac6.mcu.externaltools.arm-none.linux64_1.13.1.201703061524/tools/compiler/bin/../lib/gcc/arm-none-eabi/5.4.1/armv7e-m/fpu/libgcc.a(_dvmd_tls.o)
 .ARM.attributes
                0x000006b9       0x34 /home/giulio/INTECS/SystemWorkbench64/plugins/fr.ac6.mcu.externaltools.arm-none.linux64_1.13.1.201703061524/tools/compiler/bin/../lib/gcc/arm-none-eabi/5.4.1/../../../../arm-none-eabi/lib/armv7e-m/fpu/libc_nano.a(lib_a-errno.o)
 .ARM.attributes
                0x000006ed       0x34 /home/giulio/INTECS/SystemWorkbench64/plugins/fr.ac6.mcu.externaltools.arm-none.linux64_1.13.1.201703061524/tools/compiler/bin/../lib/gcc/arm-none-eabi/5.4.1/../../../../arm-none-eabi/lib/armv7e-m/fpu/libc_nano.a(lib_a-impure.o)
 .ARM.attributes
                0x00000721       0x34 /home/giulio/INTECS/SystemWorkbench64/plugins/fr.ac6.mcu.externaltools.arm-none.linux64_1.13.1.201703061524/tools/compiler/bin/../lib/gcc/arm-none-eabi/5.4.1/../../../../arm-none-eabi/lib/armv7e-m/fpu/libc_nano.a(lib_a-init.o)
 .ARM.attributes
                0x00000755       0x34 /home/giulio/INTECS/SystemWorkbench64/plugins/fr.ac6.mcu.externaltools.arm-none.linux64_1.13.1.201703061524/tools/compiler/bin/../lib/gcc/arm-none-eabi/5.4.1/../../../../arm-none-eabi/lib/armv7e-m/fpu/libc_nano.a(lib_a-locale.o)
 .ARM.attributes
                0x00000789       0x34 /home/giulio/INTECS/SystemWorkbench64/plugins/fr.ac6.mcu.externaltools.arm-none.linux64_1.13.1.201703061524/tools/compiler/bin/../lib/gcc/arm-none-eabi/5.4.1/../../../../arm-none-eabi/lib/armv7e-m/fpu/libc_nano.a(lib_a-mbtowc_r.o)
 .ARM.attributes
                0x000007bd       0x34 /home/giulio/INTECS/SystemWorkbench64/plugins/fr.ac6.mcu.externaltools.arm-none.linux64_1.13.1.201703061524/tools/compiler/bin/../lib/gcc/arm-none-eabi/5.4.1/../../../../arm-none-eabi/lib/armv7e-m/fpu/libc_nano.a(lib_a-memcpy-stub.o)
 .ARM.attributes
                0x000007f1       0x34 /home/giulio/INTECS/SystemWorkbench64/plugins/fr.ac6.mcu.externaltools.arm-none.linux64_1.13.1.201703061524/tools/compiler/bin/../lib/gcc/arm-none-eabi/5.4.1/../../../../arm-none-eabi/lib/armv7e-m/fpu/libc_nano.a(lib_a-memset.o)
 .ARM.attributes
                0x00000825       0x34 /home/giulio/INTECS/SystemWorkbench64/plugins/fr.ac6.mcu.externaltools.arm-none.linux64_1.13.1.201703061524/tools/compiler/bin/../lib/gcc/arm-none-eabi/5.4.1/../../../../arm-none-eabi/lib/armv7e-m/fpu/libc_nano.a(lib_a-printf.o)
 .ARM.attributes
                0x00000859       0x34 /home/giulio/INTECS/SystemWorkbench64/plugins/fr.ac6.mcu.externaltools.arm-none.linux64_1.13.1.201703061524/tools/compiler/bin/../lib/gcc/arm-none-eabi/5.4.1/../../../../arm-none-eabi/lib/armv7e-m/fpu/libc_nano.a(lib_a-puts.o)
 .ARM.attributes
                0x0000088d       0x34 /home/giulio/INTECS/SystemWorkbench64/plugins/fr.ac6.mcu.externaltools.arm-none.linux64_1.13.1.201703061524/tools/compiler/bin/../lib/gcc/arm-none-eabi/5.4.1/../../../../arm-none-eabi/lib/armv7e-m/fpu/libc_nano.a(lib_a-sprintf.o)
 .ARM.attributes
                0x000008c1       0x20 /home/giulio/INTECS/SystemWorkbench64/plugins/fr.ac6.mcu.externaltools.arm-none.linux64_1.13.1.201703061524/tools/compiler/bin/../lib/gcc/arm-none-eabi/5.4.1/../../../../arm-none-eabi/lib/armv7e-m/fpu/libc_nano.a(lib_a-strcmp.o)
 .ARM.attributes
                0x000008e1       0x1b /home/giulio/INTECS/SystemWorkbench64/plugins/fr.ac6.mcu.externaltools.arm-none.linux64_1.13.1.201703061524/tools/compiler/bin/../lib/gcc/arm-none-eabi/5.4.1/../../../../arm-none-eabi/lib/armv7e-m/fpu/libc_nano.a(lib_a-strlen.o)
 .ARM.attributes
                0x000008fc       0x34 /home/giulio/INTECS/SystemWorkbench64/plugins/fr.ac6.mcu.externaltools.arm-none.linux64_1.13.1.201703061524/tools/compiler/bin/../lib/gcc/arm-none-eabi/5.4.1/../../../../arm-none-eabi/lib/armv7e-m/fpu/libc_nano.a(lib_a-strtod.o)
 .ARM.attributes
                0x00000930       0x34 /home/giulio/INTECS/SystemWorkbench64/plugins/fr.ac6.mcu.externaltools.arm-none.linux64_1.13.1.201703061524/tools/compiler/bin/../lib/gcc/arm-none-eabi/5.4.1/../../../../arm-none-eabi/lib/armv7e-m/fpu/libc_nano.a(lib_a-strtok.o)
 .ARM.attributes
                0x00000964       0x34 /home/giulio/INTECS/SystemWorkbench64/plugins/fr.ac6.mcu.externaltools.arm-none.linux64_1.13.1.201703061524/tools/compiler/bin/../lib/gcc/arm-none-eabi/5.4.1/../../../../arm-none-eabi/lib/armv7e-m/fpu/libc_nano.a(lib_a-strtok_r.o)
 .ARM.attributes
                0x00000998       0x34 /home/giulio/INTECS/SystemWorkbench64/plugins/fr.ac6.mcu.externaltools.arm-none.linux64_1.13.1.201703061524/tools/compiler/bin/../lib/gcc/arm-none-eabi/5.4.1/../../../../arm-none-eabi/lib/armv7e-m/fpu/libc_nano.a(lib_a-strtol.o)
 .ARM.attributes
                0x000009cc       0x34 /home/giulio/INTECS/SystemWorkbench64/plugins/fr.ac6.mcu.externaltools.arm-none.linux64_1.13.1.201703061524/tools/compiler/bin/../lib/gcc/arm-none-eabi/5.4.1/../../../../arm-none-eabi/lib/armv7e-m/fpu/libc_nano.a(lib_a-strtoul.o)
 .ARM.attributes
                0x00000a00       0x34 /home/giulio/INTECS/SystemWorkbench64/plugins/fr.ac6.mcu.externaltools.arm-none.linux64_1.13.1.201703061524/tools/compiler/bin/../lib/gcc/arm-none-eabi/5.4.1/../../../../arm-none-eabi/lib/armv7e-m/fpu/libc_nano.a(lib_a-wbuf.o)
 .ARM.attributes
                0x00000a34       0x34 /home/giulio/INTECS/SystemWorkbench64/plugins/fr.ac6.mcu.externaltools.arm-none.linux64_1.13.1.201703061524/tools/compiler/bin/../lib/gcc/arm-none-eabi/5.4.1/../../../../arm-none-eabi/lib/armv7e-m/fpu/libc_nano.a(lib_a-wctomb_r.o)
 .ARM.attributes
                0x00000a68       0x34 /home/giulio/INTECS/SystemWorkbench64/plugins/fr.ac6.mcu.externaltools.arm-none.linux64_1.13.1.201703061524/tools/compiler/bin/../lib/gcc/arm-none-eabi/5.4.1/../../../../arm-none-eabi/lib/armv7e-m/fpu/libc_nano.a(lib_a-wsetup.o)
 .ARM.attributes
                0x00000a9c       0x34 /home/giulio/INTECS/SystemWorkbench64/plugins/fr.ac6.mcu.externaltools.arm-none.linux64_1.13.1.201703061524/tools/compiler/bin/../lib/gcc/arm-none-eabi/5.4.1/../../../../arm-none-eabi/lib/armv7e-m/fpu/libc_nano.a(lib_a-ctype_.o)
 .ARM.attributes
                0x00000ad0       0x34 /home/giulio/INTECS/SystemWorkbench64/plugins/fr.ac6.mcu.externaltools.arm-none.linux64_1.13.1.201703061524/tools/compiler/bin/../lib/gcc/arm-none-eabi/5.4.1/../../../../arm-none-eabi/lib/armv7e-m/fpu/libc_nano.a(lib_a-fflush.o)
 .ARM.attributes